
[notice] A new release of pip is available: 26.0.1 -> 26.2.1
[notice] To update, run: python3.12 -m pip install --upgrade pip
[2026-09-29T10:01:04-07:00] contact-gen Phase 1 training v2 (post final-review fixes: CENTER offset, sigmoid-gated potential, non-overlapping spawns, gravity*mass)
it 0 k 4 loss 0.000000 skipped 3/8
it 50 k 4 loss 0.000000 skipped 2/8
it 100 k 5 loss 0.000002 skipped 2/8
it 150 k 5 loss 0.000288 skipped 1/8
it 200 k 5 loss 0.000003 skipped 1/8
it 250 k 6 loss 0.000049 skipped 3/8
it 300 k 6 loss 0.000331 skipped 3/8
it 350 k 6 loss 0.000295 skipped 1/8
it 400 k 6 loss 0.000095 skipped 2/8
it 450 k 7 loss 0.000008 skipped 4/8
it 500 k 7 loss 0.000038 skipped 1/8
it 550 k 7 loss 0.000059 skipped 1/8
it 600 k 8 loss 0.000135 skipped 1/8
it 650 k 8 loss 0.000002 skipped 1/8
it 700 k 8 loss 0.000016 skipped 1/8
it 750 k 9 loss 0.000000 skipped 1/8
it 800 k 9 loss 0.000024 skipped 2/8
it 850 k 9 loss 0.000157 skipped 0/8
it 900 k 9 loss 0.000182 skipped 2/8
it 950 k 10 loss 0.000124 skipped 4/8
it 1000 k 10 loss 0.000002 skipped 2/8
it 1050 k 10 loss 0.000007 skipped 4/8
it 1100 k 11 loss 0.000129 skipped 1/8
it 1150 k 11 loss 0.000022 skipped 2/8
it 1200 k 11 loss 0.000003 skipped 3/8
it 1250 k 12 loss 0.000005 skipped 0/8
it 1300 k 12 loss 0.000034 skipped 3/8
it 1350 k 12 loss 0.006556 skipped 0/8
it 1400 k 12 loss 0.000000 skipped 3/8
it 1450 k 13 loss 0.000406 skipped 0/8
it 1500 k 13 loss 0.003421 skipped 3/8
it 1550 k 13 loss 0.000007 skipped 2/8
it 1600 k 14 loss 0.000004 skipped 0/8
it 1650 k 14 loss 0.000000 skipped 3/8
it 1700 k 14 loss 0.000003 skipped 1/8
it 1750 k 15 loss 0.000000 skipped 2/8
it 1800 k 15 loss 0.000000 skipped 2/8
it 1850 k 15 loss 0.000000 skipped 1/8
it 1900 k 15 loss 0.000034 skipped 2/8
it 1950 k 16 loss 0.000203 skipped 1/8
[2026-09-29T10:33:15-07:00] done
