generated 1200+100 scenes in 77s
/home/adamwebb/bounce/scripts/train_conservative.py:125: UserWarning: Converting a tensor with requires_grad=True to a scalar may lead to unexpected behavior.
Consider using tensor.detach() first. (Triggered internally at /__w/pytorch/pytorch/torch/csrc/autograd/generated/python_variable_methods.cpp:820.)
  tot += float(loss)
epoch 0 K=1 loss 1.6472 g=[8.25581169128418, 0.3828865885734558] t=88s
epoch 1 K=1 loss 0.2741 g=[8.924017906188965, -0.09265660494565964] t=97s
epoch 2 K=1 loss 0.1896 g=[8.967517852783203, -0.02635626494884491] t=106s
epoch 3 K=1 loss 0.1765 g=[9.00385856628418, 0.01719968020915985] t=115s
epoch 4 K=1 loss 0.2628 g=[9.031208038330078, -0.10441228747367859] t=124s val8 0.7961
epoch 5 K=1 loss 0.1768 g=[9.01424503326416, -0.0792323648929596] t=135s
epoch 6 K=1 loss 0.2138 g=[9.298409461975098, 0.1057281345129013] t=145s
epoch 7 K=1 loss 0.2620 g=[9.449942588806152, -0.032103005796670914] t=154s
epoch 8 K=1 loss 0.2290 g=[8.664840698242188, -0.162241131067276] t=163s
epoch 9 K=1 loss 0.1820 g=[8.99950885772705, 0.4112597703933716] t=172s val8 0.8109
epoch 10 K=4 loss 0.4935 g=[9.339975357055664, 0.42972373962402344] t=210s
epoch 11 K=4 loss 0.5902 g=[9.097835540771484, -0.19404590129852295] t=246s
epoch 12 K=4 loss 0.5660 g=[8.735424041748047, 0.13694347441196442] t=284s
epoch 13 K=4 loss 0.4869 g=[9.254648208618164, -0.12664945423603058] t=321s
epoch 14 K=4 loss 0.4793 g=[9.055599212646484, 0.16843736171722412] t=358s val8 0.7654
epoch 15 K=4 loss 0.4496 g=[8.89942741394043, 0.5075826644897461] t=398s
epoch 16 K=4 loss 0.4417 g=[9.035871505737305, -0.2559683322906494] t=435s
epoch 17 K=4 loss 0.5013 g=[8.93448257446289, 0.05808093398809433] t=472s
epoch 18 K=4 loss 0.4739 g=[8.65654182434082, 0.12892059981822968] t=510s
epoch 19 K=4 loss 0.5742 g=[8.625747680664062, -0.09992148727178574] t=547s val8 0.8637
epoch 20 K=4 loss 0.4507 g=[8.859177589416504, -0.005208601243793964] t=586s
epoch 21 K=4 loss 0.5061 g=[9.036656379699707, -0.25947901606559753] t=623s
epoch 22 K=4 loss 0.5218 g=[8.882516860961914, -0.23309515416622162] t=659s
epoch 23 K=4 loss 0.5216 g=[8.997376441955566, 0.13191083073616028] t=696s
epoch 24 K=4 loss 0.5370 g=[8.975395202636719, -0.09607981890439987] t=733s val8 0.7445
epoch 25 K=4 loss 0.4356 g=[9.232911109924316, 0.2628237009048462] t=771s
epoch 26 K=4 loss 0.4470 g=[8.721698760986328, 0.0754152163863182] t=808s
epoch 27 K=4 loss 0.4962 g=[9.13209056854248, -0.5625964403152466] t=845s
epoch 28 K=4 loss 0.4901 g=[9.382919311523438, -0.1298006772994995] t=881s
epoch 29 K=4 loss 0.4192 g=[9.04746150970459, 0.00799313560128212] t=918s val8 0.8179
epoch 30 K=8 loss 1.5913 g=[8.882853507995605, 0.41644734144210815] t=994s
epoch 31 K=8 loss 1.8473 g=[8.938232421875, -0.4487455189228058] t=1068s
epoch 32 K=8 loss 1.5707 g=[8.927165031433105, 0.21469414234161377] t=1141s
epoch 33 K=8 loss 1.4838 g=[8.767559051513672, -0.2493673861026764] t=1215s
epoch 34 K=8 loss 1.5922 g=[8.920228004455566, -0.046448953449726105] t=1288s val8 0.9261
epoch 35 K=8 loss 1.5535 g=[9.060993194580078, -0.3024805784225464] t=1364s
epoch 36 K=8 loss 2.2303 g=[8.986886024475098, -0.0924077183008194] t=1438s
epoch 37 K=8 loss 1.5799 g=[9.173561096191406, 0.43937626481056213] t=1511s
epoch 38 K=8 loss 1.6307 g=[9.329798698425293, -0.20888535678386688] t=1582s
epoch 39 K=8 loss 1.7682 g=[9.085153579711914, -0.5484445095062256] t=1654s val8 0.9358
epoch 40 K=8 loss 1.8018 g=[9.11098861694336, 0.046808626502752304] t=1727s
epoch 41 K=8 loss 1.5633 g=[9.010211944580078, 0.021691350266337395] t=1799s
epoch 42 K=8 loss 1.5867 g=[9.01978588104248, -0.06939229369163513] t=1870s
epoch 43 K=8 loss 1.4719 g=[8.969940185546875, -0.0404784269630909] t=1940s
epoch 44 K=8 loss 1.4340 g=[8.940557479858398, 0.024903815239667892] t=2005s val8 0.5934
epoch 45 K=8 loss 1.3207 g=[8.911588668823242, -0.06614186614751816] t=2072s
epoch 46 K=8 loss 1.3547 g=[9.005960464477539, -0.09859081357717514] t=2137s
epoch 47 K=8 loss 1.3276 g=[9.029500961303711, 0.08293426781892776] t=2202s
epoch 48 K=8 loss 1.6127 g=[9.047529220581055, 0.0008871213067322969] t=2267s
epoch 49 K=8 loss 1.4958 g=[8.902153968811035, 0.07134875655174255] t=2332s val8 0.7416
saved checkpoints/cons_pure.pt
