
[notice] A new release of pip is available: 26.0.1 -> 26.2.1
[notice] To update, run: python3.12 -m pip install --upgrade pip
[2026-09-26T15:39:17-07:00] training central-force model on 20-100 bodies
it 0 k 4 loss 0.004303
it 50 k 4 loss 0.000073
it 100 k 5 loss 0.000073
it 150 k 5 loss 0.000046
it 200 k 6 loss 0.000022
it 250 k 6 loss 0.000005
it 300 k 6 loss 0.000004
it 350 k 7 loss 0.000004
it 400 k 7 loss 0.000003
it 450 k 8 loss 0.000007
it 500 k 8 loss 0.000006
it 550 k 8 loss 0.000003
it 600 k 9 loss 0.000004
it 650 k 9 loss 0.000004
it 700 k 10 loss 0.000003
it 750 k 10 loss 0.000003
it 800 k 10 loss 0.000003
it 850 k 11 loss 0.000004
it 900 k 11 loss 0.000004
it 950 k 12 loss 0.000004
it 1000 k 12 loss 0.000004
it 1050 k 12 loss 0.000006
it 1100 k 13 loss 0.000006
it 1150 k 13 loss 0.000006
it 1200 k 14 loss 0.000011
it 1250 k 14 loss 0.000005
it 1300 k 14 loss 0.000007
it 1350 k 15 loss 0.000006
it 1400 k 15 loss 0.000010
it 1450 k 16 loss 0.000009
it 1500 k 16 loss 0.000008
it 1550 k 16 loss 0.000019
it 1600 k 17 loss 0.000022
it 1650 k 17 loss 0.000012
it 1700 k 18 loss 0.000013
it 1750 k 18 loss 0.000007
it 1800 k 18 loss 0.000011
it 1850 k 19 loss 0.000011
it 1900 k 19 loss 0.000005
it 1950 k 20 loss 0.000007
9000 err@5/10/20 [0.0008, 0.0019, 0.0058] constvel [0.0698, 0.2671, 0.9442] E true/model @20 -154.9888 -155.0668
12000 err@5/10/20 [0.0008, 0.0019, 0.0058] constvel [0.0712, 0.2683, 0.9352] E true/model @20 -193.3678 -193.4663
[2026-09-26T15:43:37-07:00] scale test
trained max pair distance 39.45
50 cloud 8.6 constvel [0.0826 0.3232 1.0979] {'cutoff': [0.0008, 0.0022, 0.0067], 'allpairs_raw': [0.0008, 0.0022, 0.0067], 'allpairs_clamp': [0.0008, 0.0022, 0.0067]} E true -125.1 {'cutoff': -125.1, 'allpairs_raw': -125.1, 'allpairs_clamp': -125.1}
200 cloud 19.5 constvel [0.0714 0.2714 0.9553] {'cutoff': [0.0009, 0.002, 0.0066], 'allpairs_raw': [0.0009, 0.002, 0.0066], 'allpairs_clamp': [0.0009, 0.002, 0.0066]} E true -910.6 {'cutoff': -910.9, 'allpairs_raw': -910.9, 'allpairs_clamp': -910.9}
800 cloud 37.7 constvel [0.0722 0.2643 0.9235] {'cutoff': [0.0013, 0.0034, 0.0115], 'allpairs_raw': [0.0012, 0.0028, 0.0089], 'allpairs_clamp': [0.0012, 0.0027, 0.0086]} E true -7511.1 {'cutoff': -7512.9, 'allpairs_raw': -7512.8, 'allpairs_clamp': -7512.7}
3200 cloud 76.3 constvel [0.0714 0.2572 0.8869] {'cutoff': [0.0096, 0.0377, 0.1501], 'allpairs_raw': [0.0017, 0.0044, 0.014], 'allpairs_clamp': [0.0016, 0.0041, 0.013]} E true -59990.9 {'cutoff': -60037.6, 'allpairs_raw': -59994.2, 'allpairs_clamp': -59993.3}
[W926 15:44:06.640542531 CUDACachingAllocator.cpp:3934] memory allocation failed with OOM on device 0 while trying to allocate 41940942848 bytes (free: 31322603520, total: 150111715328).
12800 cloud 153.1 constvel [0.0676 0.239  0.8206] {'cutoff': [0.0203, 0.08, 0.3186], 'allpairs_raw': [0.0029, 0.0081, 0.026], 'allpairs_clamp': [0.0028, 0.0077, 0.0242]} E true -478714.7 {'cutoff': -478776.2, 'allpairs_raw': -478717.2, 'allpairs_clamp': -478708.6}
tile check (4 strips, halo=cutoff) max abs diff 2.7418136596679688e-06 max |a| 3.248440980911255
[2026-09-26T15:45:32-07:00] done
