{"step": 0, "KE": 43997005.29433102, "PE": -430075807.3011444, "E": -386078802.0068134, "P": 2.6233838256040975e-11, "L": -209843.26560661156, "frac_E_pos": 3.0000000000000004e-05, "rq": [11.805096466316948, 21.509293553947533, 30.21830089733632, 49.587506352438034], "clamped_frac": 0.0, "R_s": 5.0, "frac_beyond_Rs": 0.88414, "max_speed": 96.35448536713496, "E_l": -198772617.11831224, "frac_E_pos_l": 0.00072, "v_q": [24.298875085173165, 44.22378005177306, 62.57627315149684]}
step 1 E -3.88767e+08 P 4.11e-05 L -2.0984e+05 Epos 0.00003 rq [11.6, 21.4, 30.2, 48.9] clamp 0.000 10.482s/step E_l -1.98772e+08 Epos_l 0.00073 vq [25.3, 45.8, 64.5] vmax 102.20
step 2 E -3.97641e+08 P 6.11e-05 L -2.0984e+05 Epos 0.00004 rq [10.9, 21.1, 30.5, 48.3] clamp 0.000 10.393s/step E_l -1.98768e+08 Epos_l 0.00076 vq [28.7, 50.4, 69.1] vmax 107.73
step 3 E -4.1624e+08 P 2.81e-05 L -2.0984e+05 Epos 0.00004 rq [9.7, 20.7, 30.7, 50.4] clamp 0.000 10.368s/step E_l -1.98758e+08 Epos_l 0.00076 vq [35.0, 58.3, 76.6] vmax 111.21
step 4 E -4.55967e+08 P 4.82e-05 L -2.0984e+05 Epos 0.00003 rq [8.0, 20.0, 31.0, 52.8] clamp 0.000 10.364s/step E_l -1.98725e+08 Epos_l 0.00075 vq [45.5, 71.2, 88.7] vmax 118.33
step 5 E -5.53951e+08 P 2.44e-05 L -2.0984e+05 Epos 0.00003 rq [5.7, 19.1, 31.5, 55.1] clamp 0.000 10.366s/step E_l -1.98981e+08 Epos_l 0.00076 vq [60.5, 95.6, 113.4] vmax 131.72
step 6 E -6.50746e+08 P 2.11e-04 L -2.0984e+05 Epos 0.00003 rq [3.5, 17.9, 31.9, 58.7] clamp 0.000 10.369s/step E_l -1.99373e+08 Epos_l 0.00078 vq [68.3, 116.1, 131.5] vmax 145.48
step 7 E -6.44958e+08 P 5.48e-04 L -2.0984e+05 Epos 0.00004 rq [4.2, 16.5, 32.2, 62.8] clamp 0.000 10.372s/step E_l -1.99097e+08 Epos_l 0.00077 vq [67.5, 116.5, 133.4] vmax 144.02
step 8 E -6.1184e+08 P 6.49e-04 L -2.0984e+05 Epos 0.00005 rq [4.9, 14.7, 32.5, 66.8] clamp 0.000 10.369s/step E_l -1.98973e+08 Epos_l 0.00081 vq [64.2, 110.1, 131.0] vmax 139.32
step 9 E -5.82409e+08 P 6.29e-04 L -2.0984e+05 Epos 0.00007 rq [5.3, 12.7, 32.7, 70.9] clamp 0.000 10.365s/step E_l -1.98931e+08 Epos_l 0.00089 vq [61.7, 102.8, 128.3] vmax 138.30
step 10 E -5.60126e+08 P 5.79e-04 L -2.0984e+05 Epos 0.00008 rq [5.5, 13.3, 32.8, 75.0] clamp 0.000 10.360s/step E_l -1.98917e+08 Epos_l 0.00100 vq [59.3, 98.4, 125.9] vmax 137.14
step 11 E -5.43477e+08 P 5.42e-04 L -2.0984e+05 Epos 0.00011 rq [5.6, 14.9, 32.8, 79.0] clamp 0.000 10.356s/step E_l -1.98918e+08 Epos_l 0.00106 vq [57.4, 94.5, 122.3] vmax 134.28
step 12 E -5.29218e+08 P 5.60e-04 L -2.0984e+05 Epos 0.00011 rq [5.9, 16.6, 32.7, 83.0] clamp 0.000 10.353s/step E_l -1.9891e+08 Epos_l 0.00115 vq [55.1, 91.9, 119.0] vmax 132.62
step 13 E -5.17221e+08 P 6.35e-04 L -2.0984e+05 Epos 0.00012 rq [6.1, 18.3, 32.6, 87.1] clamp 0.000 10.351s/step E_l -1.98905e+08 Epos_l 0.00121 vq [53.3, 89.1, 115.5] vmax 132.29
step 14 E -5.08306e+08 P 5.40e-04 L -2.0984e+05 Epos 0.00013 rq [6.2, 19.9, 32.4, 91.1] clamp 0.000 10.349s/step E_l -1.989e+08 Epos_l 0.00121 vq [51.4, 87.7, 114.6] vmax 132.23
step 15 E -5.02025e+08 P 5.12e-04 L -2.0984e+05 Epos 0.00015 rq [6.3, 21.5, 32.2, 95.1] clamp 0.000 10.348s/step E_l -1.98905e+08 Epos_l 0.00120 vq [49.7, 86.7, 114.0] vmax 130.84
step 16 E -4.96311e+08 P 4.99e-04 L -2.0984e+05 Epos 0.00015 rq [6.3, 22.9, 32.2, 99.1] clamp 0.000 10.347s/step E_l -1.98903e+08 Epos_l 0.00117 vq [48.4, 85.8, 112.7] vmax 131.24
step 17 E -4.91626e+08 P 5.68e-04 L -2.0984e+05 Epos 0.00015 rq [6.3, 24.3, 32.8, 103.1] clamp 0.000 10.346s/step E_l -1.98894e+08 Epos_l 0.00111 vq [47.0, 85.2, 112.3] vmax 130.94
step 18 E -4.89173e+08 P 3.01e-04 L -2.0984e+05 Epos 0.00016 rq [6.4, 25.6, 33.9, 107.1] clamp 0.000 10.344s/step E_l -1.989e+08 Epos_l 0.00109 vq [46.0, 84.9, 112.1] vmax 130.12
step 19 E -4.87898e+08 P 2.32e-04 L -2.0984e+05 Epos 0.00018 rq [6.4, 26.9, 35.1, 111.1] clamp 0.000 10.343s/step E_l -1.9891e+08 Epos_l 0.00110 vq [45.2, 84.9, 112.6] vmax 129.92
step 20 E -4.85625e+08 P 3.93e-04 L -2.0984e+05 Epos 0.00018 rq [6.4, 28.1, 36.4, 115.1] clamp 0.000 10.342s/step E_l -1.98897e+08 Epos_l 0.00110 vq [44.3, 84.7, 112.1] vmax 129.66
