{"step": 0, "KE": 708636405.5141268, "PE": -430075807.3011444, "E": 278560598.21298236, "P": 3.798161381895825e-10, "L": -1359109.834928073, "frac_E_pos": 0.4364, "rq": [11.805096466316948, 21.509293553947533, 30.21830089733632, 49.587506352438034], "clamped_frac": 0.0, "R_s": 125.0, "frac_beyond_Rs": 0.0, "max_speed": 39.60053428125889}
step 1 E 2.79187e+08 P 4.50e-05 L -1.3591e+06 Epos 0.44047 rq [11.8, 21.6, 30.4, 48.5] clamp 0.000 9.037s/step
step 2 E 2.81174e+08 P 2.13e-05 L -1.3591e+06 Epos 0.45375 rq [11.9, 22.0, 31.1, 48.4] clamp 0.000 8.951s/step
step 3 E 2.84481e+08 P 9.12e-05 L -1.3591e+06 Epos 0.47740 rq [12.1, 22.6, 32.1, 48.8] clamp 0.000 8.922s/step
step 4 E 2.89001e+08 P 7.43e-05 L -1.3591e+06 Epos 0.50951 rq [12.4, 23.5, 33.4, 50.7] clamp 0.000 8.908s/step
step 5 E 2.94555e+08 P 6.02e-05 L -1.3591e+06 Epos 0.55554 rq [12.8, 24.7, 34.9, 52.7] clamp 0.000 8.900s/step
step 6 E 3.00888e+08 P 5.13e-05 L -1.3591e+06 Epos 0.61431 rq [13.4, 26.0, 36.4, 54.7] clamp 0.000 8.895s/step
step 7 E 3.07743e+08 P 8.68e-05 L -1.3591e+06 Epos 0.68673 rq [14.1, 27.4, 38.1, 56.6] clamp 0.000 8.892s/step
step 8 E 3.1495e+08 P 6.61e-05 L -1.3591e+06 Epos 0.69738 rq [15.0, 29.0, 39.8, 58.6] clamp 0.000 8.888s/step
step 9 E 3.22434e+08 P 4.81e-05 L -1.3591e+06 Epos 0.69786 rq [16.1, 30.6, 41.6, 60.6] clamp 0.000 8.983s/step
step 10 E 3.30142e+08 P 5.50e-05 L -1.3591e+06 Epos 0.69835 rq [17.4, 32.2, 43.3, 62.5] clamp 0.000 8.970s/step
step 11 E 3.37943e+08 P 4.74e-05 L -1.3591e+06 Epos 0.69875 rq [18.8, 34.0, 45.2, 64.5] clamp 0.000 8.959s/step
step 12 E 3.45646e+08 P 4.82e-05 L -1.3591e+06 Epos 0.69940 rq [20.2, 35.7, 47.0, 66.5] clamp 0.000 8.949s/step
step 13 E 3.53058e+08 P 2.61e-05 L -1.3591e+06 Epos 0.69997 rq [21.8, 37.5, 48.9, 68.5] clamp 0.000 8.940s/step
step 14 E 3.60025e+08 P 2.70e-05 L -1.3591e+06 Epos 0.70066 rq [23.4, 39.3, 50.7, 70.4] clamp 0.000 8.933s/step
step 15 E 3.66455e+08 P 3.04e-05 L -1.3591e+06 Epos 0.70128 rq [25.0, 41.1, 52.6, 72.4] clamp 0.000 8.928s/step
step 16 E 3.72324e+08 P 5.16e-05 L -1.3591e+06 Epos 0.70202 rq [26.7, 43.0, 54.5, 74.4] clamp 0.000 8.923s/step
step 17 E 3.77644e+08 P 6.09e-05 L -1.3591e+06 Epos 0.70281 rq [28.5, 44.8, 56.4, 76.4] clamp 0.000 9.009s/step
step 18 E 3.82452e+08 P 6.36e-05 L -1.3591e+06 Epos 0.70346 rq [30.2, 46.6, 58.3, 78.4] clamp 0.000 9.001s/step
step 19 E 3.86791e+08 P 6.90e-05 L -1.3591e+06 Epos 0.70435 rq [32.0, 48.5, 60.2, 80.3] clamp 0.000 8.994s/step
step 20 E 3.9071e+08 P 7.60e-05 L -1.3591e+06 Epos 0.70521 rq [33.8, 50.4, 62.2, 82.3] clamp 0.000 8.987s/step
step 21 E 3.94257e+08 P 7.52e-05 L -1.3591e+06 Epos 0.70632 rq [35.7, 52.3, 64.1, 84.3] clamp 0.000 8.981s/step
step 22 E 3.97477e+08 P 7.93e-05 L -1.3591e+06 Epos 0.70717 rq [37.5, 54.1, 66.0, 86.3] clamp 0.000 8.975s/step
step 23 E 4.00409e+08 P 8.50e-05 L -1.3591e+06 Epos 0.70844 rq [39.4, 56.0, 67.9, 88.2] clamp 0.000 8.970s/step
step 24 E 4.03089e+08 P 8.16e-05 L -1.3591e+06 Epos 0.70981 rq [41.2, 57.9, 69.8, 90.2] clamp 0.000 8.964s/step
step 25 E 4.05545e+08 P 7.64e-05 L -1.3591e+06 Epos 0.71117 rq [43.1, 59.8, 71.8, 92.2] clamp 0.000 9.040s/step
step 26 E 4.07803e+08 P 7.55e-05 L -1.3591e+06 Epos 0.71289 rq [45.0, 61.7, 73.7, 94.2] clamp 0.000 9.032s/step
step 27 E 4.09887e+08 P 7.76e-05 L -1.3591e+06 Epos 0.71432 rq [46.8, 63.6, 75.7, 96.2] clamp 0.000 9.025s/step
step 28 E 4.11815e+08 P 7.26e-05 L -1.3591e+06 Epos 0.71601 rq [48.7, 65.5, 77.6, 98.2] clamp 0.000 9.018s/step
step 29 E 4.13604e+08 P 7.44e-05 L -1.3591e+06 Epos 0.71781 rq [50.6, 67.4, 79.5, 100.1] clamp 0.000 9.011s/step
step 30 E 4.1527e+08 P 7.63e-05 L -1.3591e+06 Epos 0.71973 rq [52.5, 69.3, 81.5, 102.1] clamp 0.000 9.005s/step
step 31 E 4.16824e+08 P 7.97e-05 L -1.3591e+06 Epos 0.72210 rq [54.4, 71.2, 83.4, 104.1] clamp 0.000 8.999s/step
