{"step": 0, "KE": 43997005.29433102, "PE": -430075807.3011444, "E": -386078802.0068134, "P": 2.6233838256040975e-11, "L": -209843.26560661156, "frac_E_pos": 3.0000000000000004e-05, "rq": [11.805096466316948, 21.509293553947533, 30.21830089733632, 49.587506352438034], "clamped_frac": 0.0, "R_s": 5.0, "frac_beyond_Rs": 0.88414, "max_speed": 96.35448536713496, "E_l": -198772617.11831224, "frac_E_pos_l": 0.00072, "v_q": [24.298875085173165, 44.22378005177306, 62.57627315149684]}
step 2 E -3.97641e+08 P 6.11e-05 L -2.0984e+05 Epos 0.00004 rq [10.9, 21.1, 30.5, 48.3] clamp 0.000 9.482s/step E_l -1.98768e+08 Epos_l 0.00076 vq [28.7, 50.4, 69.1] vmax 107.73
step 4 E -4.55967e+08 P 4.82e-05 L -2.0984e+05 Epos 0.00003 rq [8.0, 20.0, 31.0, 52.8] clamp 0.000 9.448s/step E_l -1.98725e+08 Epos_l 0.00075 vq [45.5, 71.2, 88.7] vmax 118.33
step 6 E -6.50746e+08 P 2.11e-04 L -2.0984e+05 Epos 0.00003 rq [3.5, 17.9, 31.9, 58.7] clamp 0.000 9.471s/step E_l -1.99373e+08 Epos_l 0.00078 vq [68.3, 116.1, 131.5] vmax 145.48
step 8 E -6.1184e+08 P 6.49e-04 L -2.0984e+05 Epos 0.00005 rq [4.9, 14.7, 32.5, 66.8] clamp 0.000 9.470s/step E_l -1.98973e+08 Epos_l 0.00081 vq [64.2, 110.1, 131.0] vmax 139.32
step 10 E -5.60126e+08 P 5.79e-04 L -2.0984e+05 Epos 0.00008 rq [5.5, 13.3, 32.8, 75.0] clamp 0.000 9.479s/step E_l -1.98917e+08 Epos_l 0.00100 vq [59.3, 98.4, 125.9] vmax 137.14
step 12 E -5.29218e+08 P 5.60e-04 L -2.0984e+05 Epos 0.00011 rq [5.9, 16.6, 32.7, 83.0] clamp 0.000 9.467s/step E_l -1.9891e+08 Epos_l 0.00115 vq [55.1, 91.9, 119.0] vmax 132.62
step 14 E -5.08306e+08 P 5.40e-04 L -2.0984e+05 Epos 0.00013 rq [6.2, 19.9, 32.4, 91.1] clamp 0.000 9.477s/step E_l -1.989e+08 Epos_l 0.00121 vq [51.4, 87.7, 114.6] vmax 132.23
step 16 E -4.96311e+08 P 4.99e-04 L -2.0984e+05 Epos 0.00015 rq [6.3, 22.9, 32.2, 99.1] clamp 0.000 9.470s/step E_l -1.98903e+08 Epos_l 0.00117 vq [48.4, 85.8, 112.7] vmax 131.24
step 18 E -4.89173e+08 P 3.01e-04 L -2.0984e+05 Epos 0.00016 rq [6.4, 25.6, 33.9, 107.1] clamp 0.000 9.475s/step E_l -1.989e+08 Epos_l 0.00109 vq [46.0, 84.9, 112.1] vmax 130.12
step 20 E -4.85625e+08 P 3.93e-04 L -2.0984e+05 Epos 0.00018 rq [6.4, 28.1, 36.4, 115.1] clamp 0.000 9.469s/step E_l -1.98897e+08 Epos_l 0.00110 vq [44.3, 84.7, 112.1] vmax 129.66
step 22 E -4.83869e+08 P 5.25e-04 L -2.0984e+05 Epos 0.00019 rq [6.3, 30.3, 39.3, 123.0] clamp 0.000 9.477s/step E_l -1.98904e+08 Epos_l 0.00104 vq [42.8, 84.8, 112.4] vmax 129.46
step 24 E -4.83206e+08 P 4.82e-04 L -2.0984e+05 Epos 0.00023 rq [6.3, 32.1, 42.2, 130.9] clamp 0.000 9.473s/step E_l -1.98906e+08 Epos_l 0.00102 vq [42.0, 85.0, 112.6] vmax 130.77
step 26 E -4.81885e+08 P 7.21e-04 L -2.0984e+05 Epos 0.00027 rq [6.3, 33.6, 44.8, 138.8] clamp 0.000 9.481s/step E_l -1.98903e+08 Epos_l 0.00101 vq [41.3, 84.8, 113.0] vmax 130.28
step 28 E -4.85531e+08 P 1.18e-03 L -2.0984e+05 Epos 0.00031 rq [6.2, 34.9, 47.4, 146.7] clamp 0.000 9.480s/step E_l -1.98914e+08 Epos_l 0.00100 vq [41.4, 86.5, 114.5] vmax 129.92
step 30 E -4.88703e+08 P 8.91e-04 L -2.0984e+05 Epos 0.00031 rq [6.1, 35.9, 49.9, 154.6] clamp 0.000 9.487s/step E_l -1.98926e+08 Epos_l 0.00100 vq [41.6, 87.4, 114.9] vmax 131.12
step 32 E -4.81912e+08 P 5.89e-04 L -2.0984e+05 Epos 0.00033 rq [6.3, 36.7, 52.3, 162.4] clamp 0.000 9.486s/step E_l -1.98896e+08 Epos_l 0.00100 vq [41.1, 85.1, 113.4] vmax 129.24
step 34 E -4.83607e+08 P 8.68e-04 L -2.0984e+05 Epos 0.00033 rq [6.2, 37.2, 54.6, 170.3] clamp 0.000 9.492s/step E_l -1.9891e+08 Epos_l 0.00099 vq [41.1, 85.7, 114.4] vmax 128.12
step 36 E -4.89448e+08 P 8.79e-04 L -2.0984e+05 Epos 0.00034 rq [6.1, 37.4, 56.6, 178.1] clamp 0.000 9.491s/step E_l -1.98923e+08 Epos_l 0.00099 vq [42.4, 87.6, 115.1] vmax 130.14
step 38 E -4.88651e+08 P 1.20e-03 L -2.0984e+05 Epos 0.00038 rq [6.1, 37.3, 58.5, 185.9] clamp 0.000 9.500s/step E_l -1.9891e+08 Epos_l 0.00099 vq [42.2, 87.1, 115.3] vmax 129.64
step 40 E -4.89741e+08 P 8.62e-04 L -2.0984e+05 Epos 0.00039 rq [6.1, 37.0, 60.3, 193.7] clamp 0.000 9.499s/step E_l -1.98924e+08 Epos_l 0.00099 vq [42.5, 87.4, 115.0] vmax 130.73
step 42 E -4.87744e+08 P 9.28e-04 L -2.0984e+05 Epos 0.00041 rq [6.1, 36.4, 61.9, 201.6] clamp 0.000 9.507s/step E_l -1.98898e+08 Epos_l 0.00099 vq [43.1, 86.4, 114.4] vmax 129.66
step 44 E -4.94318e+08 P 6.31e-04 L -2.0984e+05 Epos 0.00042 rq [6.0, 35.5, 63.6, 209.4] clamp 0.000 9.506s/step E_l -1.98921e+08 Epos_l 0.00099 vq [43.7, 88.3, 116.7] vmax 130.39
step 46 E -4.98841e+08 P 8.77e-04 L -2.0984e+05 Epos 0.00042 rq [5.9, 34.3, 65.1, 217.1] clamp 0.000 9.515s/step E_l -1.98934e+08 Epos_l 0.00099 vq [44.5, 89.4, 117.6] vmax 131.96
step 48 E -5.00089e+08 P 8.99e-04 L -2.0984e+05 Epos 0.00043 rq [5.9, 33.0, 66.5, 224.9] clamp 0.000 9.513s/step E_l -1.98934e+08 Epos_l 0.00099 vq [44.9, 89.6, 117.1] vmax 132.19
step 50 E -4.9358e+08 P 1.24e-03 L -2.0984e+05 Epos 0.00043 rq [6.1, 31.3, 67.8, 232.6] clamp 0.000 9.520s/step E_l -1.98911e+08 Epos_l 0.00099 vq [43.8, 87.8, 116.5] vmax 131.76
step 52 E -4.8815e+08 P 1.47e-03 L -2.0984e+05 Epos 0.00044 rq [6.3, 29.5, 69.0, 240.4] clamp 0.000 9.518s/step E_l -1.98889e+08 Epos_l 0.00099 vq [44.5, 85.6, 113.3] vmax 129.65
step 54 E -4.98246e+08 P 1.45e-03 L -2.0984e+05 Epos 0.00045 rq [6.0, 28.2, 70.1, 248.1] clamp 0.000 9.525s/step E_l -1.9891e+08 Epos_l 0.00099 vq [45.6, 88.4, 116.3] vmax 131.13
step 56 E -5.07863e+08 P 1.71e-03 L -2.0984e+05 Epos 0.00047 rq [5.8, 27.5, 71.1, 255.9] clamp 0.000 9.524s/step E_l -1.98931e+08 Epos_l 0.00099 vq [47.4, 90.7, 119.2] vmax 133.22
step 58 E -5.10232e+08 P 1.90e-03 L -2.0984e+05 Epos 0.00049 rq [5.7, 27.4, 72.0, 263.6] clamp 0.000 9.531s/step E_l -1.98909e+08 Epos_l 0.00099 vq [47.9, 91.1, 119.1] vmax 132.50
step 60 E -5.19981e+08 P 2.35e-03 L -2.0984e+05 Epos 0.00050 rq [5.5, 27.8, 72.9, 271.3] clamp 0.000 9.528s/step E_l -1.98959e+08 Epos_l 0.00099 vq [48.8, 93.9, 120.7] vmax 134.08
