{"step": 0, "KE": 43997005.29433102, "PE": -430075807.3011444, "E": -386078802.0068134, "P": 2.6233838256040975e-11, "L": -209843.26560661156, "frac_E_pos": 3.0000000000000004e-05, "rq": [11.805096466316948, 21.509293553947533, 30.21830089733632, 49.587506352438034], "clamped_frac": 0.0, "R_s": 5.0, "frac_beyond_Rs": 0.88414, "max_speed": 96.35448536713496, "E_l": -198772617.11831224, "frac_E_pos_l": 0.00072, "v_q": [24.298875085173165, 44.22378005177306, 62.57627315149684]}
step 5 E -5.52681e+08 P 2.48e-04 L -2.0984e+05 Epos 0.00003 rq [5.7, 19.1, 31.5, 55.1] clamp 0.000 4.653s/step E_l -1.99527e+08 Epos_l 0.00075 vq [60.4, 95.2, 112.6] vmax 130.59
step 10 E -5.58863e+08 P 1.17e-03 L -2.0984e+05 Epos 0.00008 rq [5.5, 13.2, 32.7, 75.0] clamp 0.000 4.642s/step E_l -1.993e+08 Epos_l 0.00100 vq [59.0, 98.2, 125.3] vmax 136.28
step 15 E -5.01137e+08 P 1.37e-03 L -2.0984e+05 Epos 0.00015 rq [6.3, 21.5, 32.2, 95.1] clamp 0.000 4.637s/step E_l -1.99232e+08 Epos_l 0.00116 vq [49.5, 86.3, 113.4] vmax 129.98
step 20 E -4.84658e+08 P 1.25e-03 L -2.0984e+05 Epos 0.00018 rq [6.4, 28.1, 36.4, 115.1] clamp 0.000 4.632s/step E_l -1.99183e+08 Epos_l 0.00107 vq [44.2, 84.3, 111.3] vmax 128.99
step 25 E -4.82209e+08 P 1.31e-03 L -2.0984e+05 Epos 0.00027 rq [6.4, 32.9, 43.5, 134.9] clamp 0.000 4.631s/step E_l -1.99192e+08 Epos_l 0.00102 vq [41.4, 85.0, 112.3] vmax 128.32
step 30 E -4.8669e+08 P 1.50e-03 L -2.0984e+05 Epos 0.00032 rq [6.1, 35.8, 49.8, 154.6] clamp 0.000 4.633s/step E_l -1.99232e+08 Epos_l 0.00099 vq [41.4, 86.7, 114.0] vmax 129.84
step 35 E -4.84226e+08 P 1.84e-03 L -2.0984e+05 Epos 0.00035 rq [6.2, 37.2, 55.5, 174.2] clamp 0.000 4.635s/step E_l -1.99119e+08 Epos_l 0.00098 vq [41.6, 85.9, 112.9] vmax 127.98
step 40 E -4.88608e+08 P 2.27e-03 L -2.0984e+05 Epos 0.00040 rq [6.1, 36.8, 60.2, 193.7] clamp 0.000 4.636s/step E_l -1.99143e+08 Epos_l 0.00097 vq [42.5, 86.6, 115.1] vmax 129.87
step 45 E -4.93078e+08 P 2.09e-03 L -2.0984e+05 Epos 0.00041 rq [6.0, 34.7, 64.2, 213.2] clamp 0.000 4.637s/step E_l -1.99108e+08 Epos_l 0.00097 vq [43.4, 87.9, 116.3] vmax 130.12
step 50 E -4.97304e+08 P 2.37e-03 L -2.0984e+05 Epos 0.00043 rq [6.0, 31.0, 67.6, 232.6] clamp 0.000 4.638s/step E_l -1.9911e+08 Epos_l 0.00097 vq [44.7, 88.8, 116.3] vmax 130.94
step 55 E -5.01556e+08 P 2.27e-03 L -2.0984e+05 Epos 0.00044 rq [5.9, 27.7, 70.3, 252.0] clamp 0.000 4.644s/step E_l -1.99066e+08 Epos_l 0.00097 vq [46.2, 89.0, 117.8] vmax 130.70
step 60 E -5.0936e+08 P 2.61e-03 L -2.0984e+05 Epos 0.00050 rq [5.7, 27.8, 72.5, 271.3] clamp 0.000 4.644s/step E_l -1.99064e+08 Epos_l 0.00097 vq [47.5, 90.9, 118.8] vmax 131.95
step 65 E -4.96576e+08 P 2.50e-03 L -2.0984e+05 Epos 0.00053 rq [6.1, 27.6, 74.1, 290.6] clamp 0.000 4.643s/step E_l -1.98944e+08 Epos_l 0.00097 vq [45.7, 87.8, 115.5] vmax 130.69
step 70 E -4.93508e+08 P 1.98e-03 L -2.0984e+05 Epos 0.00056 rq [6.2, 28.4, 75.1, 309.9] clamp 0.000 4.643s/step E_l -1.98934e+08 Epos_l 0.00097 vq [46.3, 86.6, 113.8] vmax 131.07
step 75 E -4.96397e+08 P 2.24e-03 L -2.0984e+05 Epos 0.00060 rq [6.0, 29.5, 75.6, 329.1] clamp 0.000 4.643s/step E_l -1.98938e+08 Epos_l 0.00097 vq [45.1, 88.2, 116.4] vmax 132.27
step 80 E -5.02307e+08 P 2.77e-03 L -2.0984e+05 Epos 0.00066 rq [5.8, 30.1, 75.9, 348.4] clamp 0.000 4.643s/step E_l -1.98989e+08 Epos_l 0.00097 vq [46.1, 89.7, 117.0] vmax 132.61
step 85 E -4.94718e+08 P 3.03e-03 L -2.0984e+05 Epos 0.00068 rq [6.1, 30.2, 75.2, 367.6] clamp 0.000 4.643s/step E_l -1.98888e+08 Epos_l 0.00097 vq [45.2, 87.5, 115.0] vmax 131.88
step 90 E -4.93793e+08 P 3.17e-03 L -2.0984e+05 Epos 0.00068 rq [6.1, 30.7, 74.3, 386.8] clamp 0.000 4.642s/step E_l -1.98869e+08 Epos_l 0.00097 vq [44.7, 87.6, 115.4] vmax 131.03
step 95 E -4.98824e+08 P 3.48e-03 L -2.0984e+05 Epos 0.00068 rq [5.9, 30.7, 72.9, 406.0] clamp 0.000 4.642s/step E_l -1.98855e+08 Epos_l 0.00097 vq [45.8, 88.9, 116.1] vmax 132.42
step 100 E -4.9524e+08 P 3.89e-03 L -2.0984e+05 Epos 0.00068 rq [6.1, 30.9, 70.7, 425.1] clamp 0.000 4.642s/step E_l -1.98824e+08 Epos_l 0.00097 vq [44.8, 88.1, 115.5] vmax 132.48
step 105 E -4.92297e+08 P 3.71e-03 L -2.0984e+05 Epos 0.00069 rq [6.1, 31.2, 68.0, 444.2] clamp 0.000 4.645s/step E_l -1.98811e+08 Epos_l 0.00097 vq [44.4, 87.4, 114.9] vmax 132.13
step 110 E -4.93621e+08 P 3.62e-03 L -2.0984e+05 Epos 0.00069 rq [6.1, 31.1, 65.7, 463.4] clamp 0.000 4.645s/step E_l -1.98781e+08 Epos_l 0.00097 vq [44.2, 87.7, 116.0] vmax 132.34
step 115 E -4.92629e+08 P 3.97e-03 L -2.0984e+05 Epos 0.00069 rq [6.1, 30.7, 64.6, 482.5] clamp 0.000 4.645s/step E_l -1.9872e+08 Epos_l 0.00097 vq [44.6, 87.1, 114.6] vmax 132.39
step 120 E -4.98359e+08 P 4.27e-03 L -2.0984e+05 Epos 0.00070 rq [6.0, 29.6, 63.5, 501.6] clamp 0.000 4.646s/step E_l -1.98706e+08 Epos_l 0.00097 vq [45.9, 88.6, 115.5] vmax 132.02
step 125 E -5.00688e+08 P 5.18e-03 L -2.0984e+05 Epos 0.00071 rq [5.9, 29.2, 63.5, 520.7] clamp 0.000 4.646s/step E_l -1.98667e+08 Epos_l 0.00097 vq [46.5, 89.2, 116.9] vmax 131.77
step 130 E -4.9943e+08 P 5.43e-03 L -2.0984e+05 Epos 0.00071 rq [6.0, 28.7, 63.2, 539.8] clamp 0.000 4.646s/step E_l -1.98641e+08 Epos_l 0.00097 vq [46.3, 88.6, 116.6] vmax 131.63
step 135 E -4.96838e+08 P 4.89e-03 L -2.0984e+05 Epos 0.00072 rq [6.0, 28.9, 63.5, 558.8] clamp 0.000 4.646s/step E_l -1.986e+08 Epos_l 0.00097 vq [45.5, 88.1, 116.5] vmax 131.55
step 140 E -4.9298e+08 P 5.55e-03 L -2.0984e+05 Epos 0.00074 rq [6.1, 29.8, 63.9, 577.9] clamp 0.000 4.646s/step E_l -1.98544e+08 Epos_l 0.00097 vq [44.9, 87.4, 115.0] vmax 131.23
step 145 E -4.95772e+08 P 5.49e-03 L -2.0984e+05 Epos 0.00074 rq [6.0, 30.7, 63.8, 597.0] clamp 0.000 4.646s/step E_l -1.9856e+08 Epos_l 0.00097 vq [45.2, 88.1, 115.9] vmax 131.51
step 150 E -4.95152e+08 P 5.82e-03 L -2.0984e+05 Epos 0.00076 rq [6.0, 31.0, 63.6, 616.0] clamp 0.000 4.646s/step E_l -1.98544e+08 Epos_l 0.00097 vq [45.1, 88.1, 115.9] vmax 132.49
step 155 E -4.93641e+08 P 6.33e-03 L -2.0984e+05 Epos 0.00076 rq [6.1, 30.7, 63.3, 635.1] clamp 0.000 4.648s/step E_l -1.9853e+08 Epos_l 0.00097 vq [44.9, 87.6, 115.3] vmax 132.49
step 160 E -4.95309e+08 P 7.14e-03 L -2.0984e+05 Epos 0.00077 rq [6.0, 30.5, 63.5, 654.1] clamp 0.000 4.648s/step E_l -1.98497e+08 Epos_l 0.00097 vq [45.3, 87.9, 115.6] vmax 132.41
step 165 E -4.97172e+08 P 6.00e-03 L -2.0984e+05 Epos 0.00078 rq [6.0, 30.4, 63.6, 673.1] clamp 0.000 4.647s/step E_l -1.98481e+08 Epos_l 0.00097 vq [45.6, 88.6, 116.1] vmax 132.03
step 170 E -4.97309e+08 P 5.60e-03 L -2.0984e+05 Epos 0.00080 rq [6.0, 29.9, 64.2, 692.2] clamp 0.000 4.647s/step E_l -1.98485e+08 Epos_l 0.00097 vq [45.5, 88.7, 116.2] vmax 133.13
step 175 E -4.95016e+08 P 4.40e-03 L -2.0984e+05 Epos 0.00080 rq [6.1, 29.9, 64.8, 711.2] clamp 0.000 4.647s/step E_l -1.98422e+08 Epos_l 0.00097 vq [45.2, 87.8, 116.0] vmax 132.21
step 180 E -4.93853e+08 P 3.74e-03 L -2.0984e+05 Epos 0.00080 rq [6.1, 30.3, 65.4, 730.2] clamp 0.000 4.647s/step E_l -1.98408e+08 Epos_l 0.00097 vq [45.0, 87.7, 115.4] vmax 131.42
step 185 E -4.93591e+08 P 4.32e-03 L -2.0984e+05 Epos 0.00080 rq [6.1, 30.7, 65.8, 749.2] clamp 0.000 4.646s/step E_l -1.98389e+08 Epos_l 0.00097 vq [44.9, 87.5, 115.2] vmax 130.76
step 190 E -4.95601e+08 P 3.95e-03 L -2.0984e+05 Epos 0.00081 rq [6.0, 30.8, 65.9, 768.2] clamp 0.000 4.646s/step E_l -1.98369e+08 Epos_l 0.00097 vq [45.2, 88.1, 116.0] vmax 131.84
step 195 E -4.95435e+08 P 4.22e-03 L -2.0984e+05 Epos 0.00081 rq [6.0, 30.4, 66.3, 787.2] clamp 0.000 4.646s/step E_l -1.98327e+08 Epos_l 0.00097 vq [45.4, 88.1, 115.8] vmax 131.72
step 200 E -4.95926e+08 P 3.33e-03 L -2.0984e+05 Epos 0.00082 rq [6.1, 30.0, 66.7, 806.2] clamp 0.000 4.646s/step E_l -1.98297e+08 Epos_l 0.00097 vq [45.7, 88.1, 115.9] vmax 132.28
step 205 E -4.96593e+08 P 3.56e-03 L -2.0984e+05 Epos 0.00082 rq [6.0, 29.8, 67.1, 825.2] clamp 0.000 4.647s/step E_l -1.98267e+08 Epos_l 0.00097 vq [45.7, 88.2, 116.4] vmax 130.92
step 210 E -4.95218e+08 P 4.23e-03 L -2.0984e+05 Epos 0.00082 rq [6.1, 29.5, 67.7, 844.2] clamp 0.000 4.647s/step E_l -1.9821e+08 Epos_l 0.00097 vq [45.4, 87.9, 115.8] vmax 132.40
step 215 E -4.96281e+08 P 3.16e-03 L -2.0984e+05 Epos 0.00082 rq [6.0, 29.7, 67.5, 863.2] clamp 0.000 4.646s/step E_l -1.98201e+08 Epos_l 0.00097 vq [45.7, 88.2, 116.0] vmax 133.17
step 220 E -4.94718e+08 P 3.06e-03 L -2.0984e+05 Epos 0.00082 rq [6.1, 30.1, 68.2, 882.2] clamp 0.000 4.646s/step E_l -1.98142e+08 Epos_l 0.00097 vq [45.2, 88.0, 115.8] vmax 132.45
step 225 E -4.94485e+08 P 4.33e-03 L -2.0984e+05 Epos 0.00082 rq [6.1, 30.4, 68.5, 901.2] clamp 0.000 4.646s/step E_l -1.98137e+08 Epos_l 0.00097 vq [45.1, 87.9, 115.7] vmax 130.87
step 230 E -4.93866e+08 P 4.45e-03 L -2.0984e+05 Epos 0.00082 rq [6.1, 30.7, 68.4, 920.2] clamp 0.000 4.646s/step E_l -1.98104e+08 Epos_l 0.00097 vq [45.0, 87.9, 115.6] vmax 131.34
step 235 E -4.9392e+08 P 5.05e-03 L -2.0984e+05 Epos 0.00082 rq [6.1, 30.9, 67.7, 939.1] clamp 0.000 4.646s/step E_l -1.98066e+08 Epos_l 0.00097 vq [45.1, 87.9, 115.7] vmax 132.32
step 240 E -4.93511e+08 P 4.71e-03 L -2.0984e+05 Epos 0.00083 rq [6.1, 31.1, 67.0, 958.1] clamp 0.000 4.646s/step E_l -1.98041e+08 Epos_l 0.00097 vq [44.9, 87.8, 116.0] vmax 132.53
step 245 E -4.94526e+08 P 4.69e-03 L -2.0984e+05 Epos 0.00083 rq [6.0, 31.1, 66.4, 977.1] clamp 0.000 4.645s/step E_l -1.98034e+08 Epos_l 0.00097 vq [45.0, 88.0, 115.9] vmax 132.07
step 250 E -4.93494e+08 P 4.41e-03 L -2.0984e+05 Epos 0.00083 rq [6.1, 30.8, 66.2, 996.0] clamp 0.000 4.645s/step E_l -1.97982e+08 Epos_l 0.00097 vq [45.1, 87.8, 115.4] vmax 131.64
step 255 E -4.94635e+08 P 4.15e-03 L -2.0984e+05 Epos 0.00083 rq [6.0, 30.5, 66.5, 1015.0] clamp 0.000 4.646s/step E_l -1.97966e+08 Epos_l 0.00097 vq [45.3, 88.1, 115.7] vmax 131.36
step 260 E -4.93183e+08 P 4.03e-03 L -2.0984e+05 Epos 0.00083 rq [6.1, 30.4, 66.6, 1033.9] clamp 0.000 4.646s/step E_l -1.97931e+08 Epos_l 0.00097 vq [45.0, 87.9, 115.3] vmax 131.29
step 265 E -4.96118e+08 P 3.93e-03 L -2.0984e+05 Epos 0.00083 rq [6.0, 30.3, 66.6, 1052.8] clamp 0.000 4.646s/step E_l -1.97939e+08 Epos_l 0.00097 vq [45.5, 88.5, 116.0] vmax 132.61
step 270 E -4.94801e+08 P 3.31e-03 L -2.0984e+05 Epos 0.00083 rq [6.1, 30.2, 66.7, 1071.8] clamp 0.000 4.646s/step E_l -1.97864e+08 Epos_l 0.00097 vq [45.6, 88.0, 115.5] vmax 131.21
step 275 E -4.94101e+08 P 3.05e-03 L -2.0984e+05 Epos 0.00083 rq [6.1, 30.0, 66.5, 1090.8] clamp 0.000 4.645s/step E_l -1.97814e+08 Epos_l 0.00097 vq [45.4, 87.9, 115.6] vmax 131.87
step 280 E -4.94228e+08 P 2.76e-03 L -2.0984e+05 Epos 0.00083 rq [6.1, 30.1, 66.3, 1109.7] clamp 0.000 4.645s/step E_l -1.9779e+08 Epos_l 0.00097 vq [45.4, 87.8, 115.7] vmax 131.72
step 285 E -4.93928e+08 P 3.53e-03 L -2.0984e+05 Epos 0.00083 rq [6.1, 30.1, 65.9, 1128.7] clamp 0.000 4.645s/step E_l -1.97751e+08 Epos_l 0.00097 vq [45.4, 87.9, 115.4] vmax 131.98
step 290 E -4.94304e+08 P 4.19e-03 L -2.0984e+05 Epos 0.00084 rq [6.1, 30.1, 65.4, 1147.7] clamp 0.000 4.645s/step E_l -1.97727e+08 Epos_l 0.00097 vq [45.3, 88.0, 115.8] vmax 132.23
step 295 E -4.94655e+08 P 3.51e-03 L -2.0984e+05 Epos 0.00084 rq [6.0, 30.3, 65.5, 1166.7] clamp 0.000 4.645s/step E_l -1.97709e+08 Epos_l 0.00097 vq [45.5, 88.0, 115.8] vmax 132.63
step 300 E -4.93873e+08 P 3.86e-03 L -2.0984e+05 Epos 0.00085 rq [6.1, 30.4, 65.2, 1185.6] clamp 0.000 4.645s/step E_l -1.97662e+08 Epos_l 0.00097 vq [45.2, 87.9, 115.7] vmax 132.14
step 305 E -4.92633e+08 P 3.44e-03 L -2.0984e+05 Epos 0.00085 rq [6.1, 30.5, 65.3, 1204.5] clamp 0.000 4.646s/step E_l -1.97625e+08 Epos_l 0.00097 vq [45.1, 87.7, 115.1] vmax 131.93
step 310 E -4.92348e+08 P 4.57e-03 L -2.0984e+05 Epos 0.00085 rq [6.1, 30.4, 65.4, 1223.4] clamp 0.000 4.646s/step E_l -1.97586e+08 Epos_l 0.00097 vq [45.2, 87.6, 115.2] vmax 133.02
step 315 E -4.94038e+08 P 5.16e-03 L -2.0984e+05 Epos 0.00085 rq [6.1, 30.5, 66.2, 1242.3] clamp 0.000 4.645s/step E_l -1.97603e+08 Epos_l 0.00097 vq [45.3, 87.9, 116.0] vmax 133.20
step 320 E -4.92998e+08 P 5.31e-03 L -2.0984e+05 Epos 0.00085 rq [6.1, 30.7, 66.5, 1261.3] clamp 0.000 4.645s/step E_l -1.97541e+08 Epos_l 0.00097 vq [45.1, 88.0, 115.6] vmax 132.06
step 325 E -4.93276e+08 P 5.62e-03 L -2.0984e+05 Epos 0.00085 rq [6.1, 30.8, 67.1, 1280.2] clamp 0.000 4.645s/step E_l -1.97535e+08 Epos_l 0.00097 vq [45.1, 87.9, 115.5] vmax 132.29
step 330 E -4.9253e+08 P 6.44e-03 L -2.0984e+05 Epos 0.00085 rq [6.1, 30.8, 67.7, 1299.1] clamp 0.000 4.645s/step E_l -1.97478e+08 Epos_l 0.00097 vq [45.1, 87.8, 115.4] vmax 132.36
step 335 E -4.91742e+08 P 6.55e-03 L -2.0984e+05 Epos 0.00085 rq [6.1, 30.8, 68.1, 1318.1] clamp 0.000 4.645s/step E_l -1.97449e+08 Epos_l 0.00097 vq [44.8, 87.6, 115.7] vmax 131.27
step 340 E -4.92949e+08 P 6.54e-03 L -2.0984e+05 Epos 0.00085 rq [6.1, 30.9, 68.6, 1337.0] clamp 0.000 4.645s/step E_l -1.97412e+08 Epos_l 0.00097 vq [45.1, 88.1, 115.8] vmax 132.18
step 345 E -4.91996e+08 P 5.99e-03 L -2.0984e+05 Epos 0.00085 rq [6.1, 30.8, 68.9, 1356.0] clamp 0.000 4.645s/step E_l -1.97372e+08 Epos_l 0.00097 vq [45.1, 87.7, 115.2] vmax 131.30
step 350 E -4.93802e+08 P 8.22e-03 L -2.0984e+05 Epos 0.00085 rq [6.1, 30.6, 69.0, 1374.9] clamp 0.000 4.645s/step E_l -1.97378e+08 Epos_l 0.00097 vq [45.2, 88.2, 116.1] vmax 133.47
step 355 E -4.93247e+08 P 8.73e-03 L -2.0984e+05 Epos 0.00085 rq [6.1, 30.4, 69.3, 1393.8] clamp 0.000 4.646s/step E_l -1.97341e+08 Epos_l 0.00097 vq [45.1, 87.8, 115.7] vmax 132.79
step 360 E -4.92359e+08 P 9.11e-03 L -2.0984e+05 Epos 0.00085 rq [6.1, 30.4, 69.3, 1412.7] clamp 0.000 4.646s/step E_l -1.97328e+08 Epos_l 0.00097 vq [45.1, 87.7, 115.5] vmax 131.88
step 365 E -4.93486e+08 P 8.77e-03 L -2.0984e+05 Epos 0.00085 rq [6.1, 30.4, 69.7, 1431.6] clamp 0.000 4.646s/step E_l -1.97303e+08 Epos_l 0.00097 vq [45.3, 88.2, 115.6] vmax 132.91
step 370 E -4.93677e+08 P 8.26e-03 L -2.0984e+05 Epos 0.00085 rq [6.0, 30.5, 69.3, 1450.6] clamp 0.000 4.646s/step E_l -1.97286e+08 Epos_l 0.00097 vq [45.4, 88.1, 115.9] vmax 132.16
step 375 E -4.92695e+08 P 7.43e-03 L -2.0984e+05 Epos 0.00085 rq [6.1, 30.4, 69.3, 1469.5] clamp 0.000 4.645s/step E_l -1.97235e+08 Epos_l 0.00097 vq [45.2, 88.0, 115.6] vmax 131.33
step 380 E -4.93046e+08 P 6.81e-03 L -2.0984e+05 Epos 0.00085 rq [6.1, 30.5, 69.0, 1488.4] clamp 0.000 4.645s/step E_l -1.97241e+08 Epos_l 0.00097 vq [45.4, 88.0, 115.9] vmax 132.32
step 385 E -4.92238e+08 P 7.10e-03 L -2.0984e+05 Epos 0.00085 rq [6.1, 30.5, 68.6, 1507.3] clamp 0.000 4.645s/step E_l -1.97237e+08 Epos_l 0.00097 vq [45.1, 87.9, 115.3] vmax 131.07
step 390 E -4.9228e+08 P 7.17e-03 L -2.0984e+05 Epos 0.00085 rq [6.1, 30.7, 68.3, 1526.2] clamp 0.000 4.645s/step E_l -1.97198e+08 Epos_l 0.00097 vq [45.1, 87.9, 115.6] vmax 131.77
step 395 E -4.92376e+08 P 6.29e-03 L -2.0984e+05 Epos 0.00085 rq [6.1, 30.8, 68.2, 1545.2] clamp 0.000 4.645s/step E_l -1.97143e+08 Epos_l 0.00097 vq [45.2, 88.0, 115.4] vmax 131.54
step 400 E -4.9233e+08 P 5.95e-03 L -2.0984e+05 Epos 0.00085 rq [6.1, 30.7, 68.1, 1564.1] clamp 0.000 4.645s/step E_l -1.97114e+08 Epos_l 0.00097 vq [45.1, 87.8, 115.4] vmax 133.44
step 405 E -4.91583e+08 P 6.19e-03 L -2.0984e+05 Epos 0.00085 rq [6.1, 30.7, 68.0, 1583.0] clamp 0.000 4.646s/step E_l -1.97058e+08 Epos_l 0.00097 vq [45.2, 87.6, 115.5] vmax 131.27
step 410 E -4.92645e+08 P 6.70e-03 L -2.0984e+05 Epos 0.00086 rq [6.0, 30.6, 67.8, 1601.9] clamp 0.000 4.646s/step E_l -1.97034e+08 Epos_l 0.00097 vq [45.2, 88.1, 115.5] vmax 131.71
step 415 E -4.91956e+08 P 5.96e-03 L -2.0984e+05 Epos 0.00086 rq [6.1, 30.6, 67.7, 1620.8] clamp 0.000 4.646s/step E_l -1.97028e+08 Epos_l 0.00097 vq [45.0, 88.0, 115.4] vmax 130.74
step 420 E -4.91729e+08 P 6.26e-03 L -2.0984e+05 Epos 0.00086 rq [6.1, 30.6, 67.9, 1639.7] clamp 0.000 4.646s/step E_l -1.96972e+08 Epos_l 0.00097 vq [45.0, 87.9, 115.3] vmax 131.25
step 425 E -4.92177e+08 P 6.72e-03 L -2.0984e+05 Epos 0.00086 rq [6.1, 30.7, 68.3, 1658.6] clamp 0.000 4.646s/step E_l -1.96965e+08 Epos_l 0.00097 vq [45.0, 88.0, 115.5] vmax 131.74
step 430 E -4.90722e+08 P 7.00e-03 L -2.0984e+05 Epos 0.00086 rq [6.1, 30.7, 68.6, 1677.5] clamp 0.000 4.646s/step E_l -1.96928e+08 Epos_l 0.00097 vq [45.0, 87.6, 115.4] vmax 131.30
step 435 E -4.92127e+08 P 7.53e-03 L -2.0984e+05 Epos 0.00086 rq [6.1, 30.7, 68.6, 1696.4] clamp 0.000 4.646s/step E_l -1.96901e+08 Epos_l 0.00097 vq [45.3, 88.0, 115.6] vmax 132.10
step 440 E -4.91824e+08 P 7.23e-03 L -2.0984e+05 Epos 0.00086 rq [6.1, 30.7, 68.4, 1715.3] clamp 0.000 4.646s/step E_l -1.9689e+08 Epos_l 0.00097 vq [45.2, 87.8, 115.3] vmax 132.61
step 445 E -4.91199e+08 P 6.86e-03 L -2.0984e+05 Epos 0.00086 rq [6.1, 30.6, 68.4, 1734.3] clamp 0.000 4.646s/step E_l -1.96874e+08 Epos_l 0.00097 vq [45.0, 87.6, 115.2] vmax 131.49
step 450 E -4.9208e+08 P 6.95e-03 L -2.0984e+05 Epos 0.00086 rq [6.1, 30.8, 68.6, 1753.2] clamp 0.000 4.646s/step E_l -1.96868e+08 Epos_l 0.00097 vq [45.2, 87.9, 115.8] vmax 131.39
step 455 E -4.90064e+08 P 6.42e-03 L -2.0984e+05 Epos 0.00086 rq [6.2, 30.8, 68.5, 1772.0] clamp 0.000 4.647s/step E_l -1.96828e+08 Epos_l 0.00097 vq [45.0, 87.4, 114.8] vmax 130.73
step 460 E -4.92457e+08 P 6.03e-03 L -2.0984e+05 Epos 0.00086 rq [6.1, 30.7, 68.4, 1790.9] clamp 0.000 4.647s/step E_l -1.96821e+08 Epos_l 0.00097 vq [45.2, 88.1, 115.8] vmax 132.87
step 465 E -4.92003e+08 P 6.27e-03 L -2.0984e+05 Epos 0.00086 rq [6.1, 30.9, 68.6, 1809.8] clamp 0.000 4.647s/step E_l -1.96793e+08 Epos_l 0.00097 vq [45.2, 88.1, 115.6] vmax 132.79
step 470 E -4.92011e+08 P 6.32e-03 L -2.0984e+05 Epos 0.00086 rq [6.1, 30.8, 68.6, 1828.7] clamp 0.000 4.647s/step E_l -1.96747e+08 Epos_l 0.00097 vq [45.2, 87.8, 115.7] vmax 131.85
step 475 E -4.89616e+08 P 6.35e-03 L -2.0984e+05 Epos 0.00086 rq [6.1, 30.6, 68.7, 1847.6] clamp 0.000 4.647s/step E_l -1.96704e+08 Epos_l 0.00097 vq [45.0, 87.4, 114.9] vmax 131.02
step 480 E -4.91152e+08 P 5.88e-03 L -2.0984e+05 Epos 0.00086 rq [6.1, 30.6, 68.7, 1866.5] clamp 0.000 4.647s/step E_l -1.96691e+08 Epos_l 0.00097 vq [45.2, 87.8, 115.2] vmax 132.00
step 485 E -4.91679e+08 P 6.25e-03 L -2.0984e+05 Epos 0.00087 rq [6.1, 30.7, 68.5, 1885.4] clamp 0.000 4.647s/step E_l -1.96652e+08 Epos_l 0.00097 vq [45.3, 88.0, 115.3] vmax 131.54
step 490 E -4.91252e+08 P 6.96e-03 L -2.0984e+05 Epos 0.00087 rq [6.1, 30.7, 68.7, 1904.4] clamp 0.000 4.646s/step E_l -1.96668e+08 Epos_l 0.00097 vq [45.1, 87.8, 115.6] vmax 132.19
step 495 E -4.90187e+08 P 7.91e-03 L -2.0984e+05 Epos 0.00087 rq [6.1, 30.7, 68.8, 1923.2] clamp 0.000 4.646s/step E_l -1.96615e+08 Epos_l 0.00097 vq [45.1, 87.6, 115.0] vmax 130.93
step 500 E -4.90598e+08 P 7.66e-03 L -2.0984e+05 Epos 0.00087 rq [6.1, 30.8, 68.9, 1942.1] clamp 0.000 4.646s/step E_l -1.96577e+08 Epos_l 0.00097 vq [45.1, 87.5, 115.5] vmax 132.07
step 505 E -4.90872e+08 P 7.98e-03 L -2.0984e+05 Epos 0.00087 rq [6.1, 30.8, 69.1, 1961.0] clamp 0.000 4.647s/step E_l -1.96569e+08 Epos_l 0.00097 vq [45.3, 87.7, 115.6] vmax 131.75
step 510 E -4.90008e+08 P 8.38e-03 L -2.0984e+05 Epos 0.00087 rq [6.1, 30.8, 69.0, 1979.9] clamp 0.000 4.647s/step E_l -1.96537e+08 Epos_l 0.00097 vq [45.1, 87.4, 115.4] vmax 131.22
step 515 E -4.91631e+08 P 7.36e-03 L -2.0984e+05 Epos 0.00087 rq [6.1, 30.8, 69.1, 1998.8] clamp 0.000 4.647s/step E_l -1.96557e+08 Epos_l 0.00097 vq [45.1, 88.1, 115.7] vmax 131.75
step 520 E -4.90592e+08 P 6.81e-03 L -2.0984e+05 Epos 0.00087 rq [6.1, 30.8, 69.2, 2017.6] clamp 0.000 4.647s/step E_l -1.96499e+08 Epos_l 0.00097 vq [45.1, 87.8, 115.3] vmax 131.64
step 525 E -4.90408e+08 P 6.13e-03 L -2.0984e+05 Epos 0.00087 rq [6.1, 30.7, 69.7, 2036.5] clamp 0.000 4.647s/step E_l -1.96472e+08 Epos_l 0.00097 vq [45.1, 87.7, 115.3] vmax 131.22
step 530 E -4.89216e+08 P 6.35e-03 L -2.0984e+05 Epos 0.00088 rq [6.1, 30.7, 69.7, 2055.4] clamp 0.000 4.646s/step E_l -1.96447e+08 Epos_l 0.00097 vq [44.8, 87.4, 115.0] vmax 130.98
step 535 E -4.90351e+08 P 6.35e-03 L -2.0984e+05 Epos 0.00088 rq [6.1, 30.8, 69.5, 2074.3] clamp 0.000 4.646s/step E_l -1.96423e+08 Epos_l 0.00097 vq [45.2, 87.5, 115.3] vmax 131.47
step 540 E -4.91001e+08 P 5.59e-03 L -2.0984e+05 Epos 0.00088 rq [6.1, 30.8, 69.8, 2093.3] clamp 0.000 4.646s/step E_l -1.96395e+08 Epos_l 0.00097 vq [45.1, 87.8, 115.8] vmax 132.00
step 545 E -4.90174e+08 P 5.47e-03 L -2.0984e+05 Epos 0.00088 rq [6.1, 30.9, 69.9, 2112.2] clamp 0.000 4.646s/step E_l -1.96359e+08 Epos_l 0.00097 vq [45.1, 87.6, 115.2] vmax 132.47
step 550 E -4.89808e+08 P 5.46e-03 L -2.0984e+05 Epos 0.00088 rq [6.1, 30.9, 70.2, 2131.1] clamp 0.000 4.646s/step E_l -1.96336e+08 Epos_l 0.00097 vq [44.9, 87.7, 115.4] vmax 131.41
step 555 E -4.89731e+08 P 5.80e-03 L -2.0984e+05 Epos 0.00088 rq [6.1, 31.0, 70.2, 2149.9] clamp 0.000 4.647s/step E_l -1.96293e+08 Epos_l 0.00097 vq [45.1, 87.7, 115.4] vmax 130.76
step 560 E -4.90281e+08 P 5.80e-03 L -2.0984e+05 Epos 0.00089 rq [6.1, 31.0, 70.5, 2168.8] clamp 0.000 4.647s/step E_l -1.96268e+08 Epos_l 0.00097 vq [45.0, 87.7, 115.7] vmax 131.27
step 565 E -4.89242e+08 P 6.11e-03 L -2.0984e+05 Epos 0.00089 rq [6.1, 31.0, 70.8, 2187.6] clamp 0.000 4.647s/step E_l -1.96266e+08 Epos_l 0.00097 vq [45.0, 87.5, 115.1] vmax 131.18
step 570 E -4.90126e+08 P 6.34e-03 L -2.0984e+05 Epos 0.00089 rq [6.1, 30.9, 70.9, 2206.5] clamp 0.000 4.647s/step E_l -1.96264e+08 Epos_l 0.00097 vq [45.1, 87.7, 115.0] vmax 131.30
step 575 E -4.90074e+08 P 6.11e-03 L -2.0984e+05 Epos 0.00089 rq [6.1, 30.9, 70.8, 2225.4] clamp 0.000 4.646s/step E_l -1.96238e+08 Epos_l 0.00097 vq [45.1, 87.9, 115.1] vmax 131.71
step 580 E -4.90486e+08 P 5.25e-03 L -2.0984e+05 Epos 0.00089 rq [6.1, 30.9, 71.1, 2244.3] clamp 0.000 4.646s/step E_l -1.96215e+08 Epos_l 0.00097 vq [45.2, 87.8, 115.5] vmax 132.17
step 585 E -4.90127e+08 P 5.27e-03 L -2.0984e+05 Epos 0.00089 rq [6.1, 30.7, 70.9, 2263.2] clamp 0.000 4.646s/step E_l -1.96165e+08 Epos_l 0.00097 vq [45.1, 88.0, 115.3] vmax 132.13
step 590 E -4.90514e+08 P 5.93e-03 L -2.0984e+05 Epos 0.00089 rq [6.1, 30.8, 70.9, 2282.1] clamp 0.000 4.646s/step E_l -1.96132e+08 Epos_l 0.00097 vq [45.1, 88.0, 115.6] vmax 130.89
step 595 E -4.8944e+08 P 5.58e-03 L -2.0984e+05 Epos 0.00089 rq [6.1, 30.9, 70.6, 2300.9] clamp 0.000 4.646s/step E_l -1.96096e+08 Epos_l 0.00097 vq [45.2, 87.6, 115.1] vmax 131.21
step 600 E -4.89781e+08 P 5.07e-03 L -2.0984e+05 Epos 0.00089 rq [6.1, 31.0, 70.6, 2319.8] clamp 0.000 4.646s/step E_l -1.96104e+08 Epos_l 0.00097 vq [45.0, 87.7, 115.5] vmax 132.19
step 605 E -4.87979e+08 P 5.68e-03 L -2.0984e+05 Epos 0.00089 rq [6.1, 30.9, 70.7, 2338.7] clamp 0.000 4.647s/step E_l -1.96054e+08 Epos_l 0.00097 vq [44.8, 87.2, 114.8] vmax 130.93
step 610 E -4.89087e+08 P 6.46e-03 L -2.0984e+05 Epos 0.00089 rq [6.1, 31.0, 70.9, 2357.6] clamp 0.000 4.647s/step E_l -1.96031e+08 Epos_l 0.00097 vq [45.0, 87.7, 114.8] vmax 131.21
step 615 E -4.8965e+08 P 7.65e-03 L -2.0984e+05 Epos 0.00089 rq [6.1, 30.9, 71.0, 2376.5] clamp 0.000 4.647s/step E_l -1.96012e+08 Epos_l 0.00097 vq [45.2, 87.8, 114.9] vmax 131.53
step 620 E -4.9078e+08 P 7.15e-03 L -2.0984e+05 Epos 0.00089 rq [6.1, 30.9, 71.1, 2395.3] clamp 0.000 4.647s/step E_l -1.96001e+08 Epos_l 0.00097 vq [45.5, 87.9, 115.5] vmax 131.99
step 625 E -4.89077e+08 P 6.57e-03 L -2.0984e+05 Epos 0.00089 rq [6.1, 31.0, 71.4, 2414.2] clamp 0.000 4.647s/step E_l -1.95974e+08 Epos_l 0.00097 vq [45.0, 87.5, 114.9] vmax 131.39
step 630 E -4.88765e+08 P 5.59e-03 L -2.0984e+05 Epos 0.00089 rq [6.1, 31.0, 71.1, 2433.1] clamp 0.000 4.647s/step E_l -1.9596e+08 Epos_l 0.00097 vq [45.1, 87.5, 115.0] vmax 132.90
step 635 E -4.9043e+08 P 5.48e-03 L -2.0984e+05 Epos 0.00089 rq [6.1, 31.2, 70.6, 2451.9] clamp 0.000 4.647s/step E_l -1.9597e+08 Epos_l 0.00097 vq [45.1, 88.0, 115.5] vmax 130.42
step 640 E -4.8828e+08 P 5.30e-03 L -2.0984e+05 Epos 0.00089 rq [6.1, 31.2, 70.6, 2470.8] clamp 0.000 4.646s/step E_l -1.95937e+08 Epos_l 0.00097 vq [44.8, 87.6, 115.1] vmax 132.03
step 645 E -4.88223e+08 P 4.88e-03 L -2.0984e+05 Epos 0.00089 rq [6.1, 31.0, 70.4, 2489.7] clamp 0.000 4.646s/step E_l -1.95888e+08 Epos_l 0.00097 vq [44.9, 87.4, 114.7] vmax 131.46
step 650 E -4.89688e+08 P 4.49e-03 L -2.0984e+05 Epos 0.00089 rq [6.1, 31.1, 70.5, 2508.6] clamp 0.000 4.646s/step E_l -1.95878e+08 Epos_l 0.00097 vq [45.1, 87.8, 115.5] vmax 131.10
step 655 E -4.89707e+08 P 4.95e-03 L -2.0984e+05 Epos 0.00089 rq [6.1, 31.0, 70.8, 2527.5] clamp 0.000 4.647s/step E_l -1.95885e+08 Epos_l 0.00097 vq [45.1, 87.8, 115.6] vmax 130.86
step 660 E -4.89383e+08 P 4.36e-03 L -2.0984e+05 Epos 0.00089 rq [6.1, 30.8, 70.6, 2546.3] clamp 0.000 4.647s/step E_l -1.95858e+08 Epos_l 0.00097 vq [45.1, 87.7, 115.0] vmax 132.54
step 665 E -4.89688e+08 P 4.80e-03 L -2.0984e+05 Epos 0.00089 rq [6.1, 30.9, 70.4, 2565.2] clamp 0.000 4.647s/step E_l -1.95805e+08 Epos_l 0.00097 vq [45.3, 87.8, 115.0] vmax 132.24
step 670 E -4.88784e+08 P 4.62e-03 L -2.0984e+05 Epos 0.00089 rq [6.1, 30.9, 70.6, 2584.1] clamp 0.000 4.647s/step E_l -1.95773e+08 Epos_l 0.00097 vq [45.1, 87.3, 115.2] vmax 132.01
step 675 E -4.87733e+08 P 4.75e-03 L -2.0984e+05 Epos 0.00089 rq [6.2, 31.0, 70.7, 2603.0] clamp 0.000 4.646s/step E_l -1.95736e+08 Epos_l 0.00097 vq [45.0, 87.3, 114.6] vmax 132.16
step 680 E -4.88287e+08 P 5.22e-03 L -2.0984e+05 Epos 0.00089 rq [6.2, 31.0, 70.9, 2621.9] clamp 0.000 4.646s/step E_l -1.95734e+08 Epos_l 0.00097 vq [45.0, 87.5, 114.8] vmax 131.93
step 685 E -4.90481e+08 P 5.18e-03 L -2.0984e+05 Epos 0.00089 rq [6.1, 31.2, 70.8, 2640.8] clamp 0.000 4.646s/step E_l -1.95733e+08 Epos_l 0.00097 vq [45.2, 88.2, 115.5] vmax 132.37
step 690 E -4.87228e+08 P 5.14e-03 L -2.0984e+05 Epos 0.00089 rq [6.2, 31.1, 70.5, 2659.7] clamp 0.000 4.646s/step E_l -1.95674e+08 Epos_l 0.00097 vq [44.7, 87.2, 114.8] vmax 132.94
step 695 E -4.87951e+08 P 4.31e-03 L -2.0984e+05 Epos 0.00089 rq [6.1, 31.0, 70.6, 2678.5] clamp 0.000 4.646s/step E_l -1.95674e+08 Epos_l 0.00097 vq [44.8, 87.3, 114.8] vmax 130.74
step 700 E -4.90286e+08 P 3.63e-03 L -2.0984e+05 Epos 0.00089 rq [6.1, 31.2, 70.5, 2697.4] clamp 0.000 4.646s/step E_l -1.95684e+08 Epos_l 0.00097 vq [45.2, 88.1, 115.5] vmax 131.77
step 705 E -4.88837e+08 P 3.33e-03 L -2.0984e+05 Epos 0.00089 rq [6.1, 31.1, 70.9, 2716.3] clamp 0.000 4.647s/step E_l -1.95647e+08 Epos_l 0.00097 vq [45.0, 87.7, 114.9] vmax 131.16
step 710 E -4.89131e+08 P 2.14e-03 L -2.0984e+05 Epos 0.00089 rq [6.1, 31.1, 71.1, 2735.1] clamp 0.000 4.647s/step E_l -1.95636e+08 Epos_l 0.00097 vq [45.0, 87.7, 115.2] vmax 130.50
step 715 E -4.888e+08 P 2.11e-03 L -2.0984e+05 Epos 0.00089 rq [6.1, 31.1, 71.4, 2754.0] clamp 0.000 4.647s/step E_l -1.95613e+08 Epos_l 0.00097 vq [44.9, 87.7, 115.6] vmax 131.40
step 720 E -4.88344e+08 P 2.39e-03 L -2.0984e+05 Epos 0.00089 rq [6.1, 31.1, 71.7, 2772.8] clamp 0.000 4.647s/step E_l -1.95582e+08 Epos_l 0.00097 vq [44.9, 87.5, 115.4] vmax 131.11
step 725 E -4.88678e+08 P 1.79e-03 L -2.0984e+05 Epos 0.00089 rq [6.1, 31.1, 71.9, 2791.7] clamp 0.000 4.646s/step E_l -1.95561e+08 Epos_l 0.00097 vq [45.1, 87.7, 115.2] vmax 132.36
step 730 E -4.88812e+08 P 3.10e-03 L -2.0984e+05 Epos 0.00089 rq [6.1, 31.2, 72.3, 2810.5] clamp 0.000 4.646s/step E_l -1.95537e+08 Epos_l 0.00097 vq [45.1, 87.5, 115.1] vmax 132.37
step 735 E -4.8726e+08 P 2.88e-03 L -2.0984e+05 Epos 0.00089 rq [6.2, 31.2, 72.1, 2829.4] clamp 0.000 4.646s/step E_l -1.95482e+08 Epos_l 0.00097 vq [44.9, 87.2, 114.7] vmax 130.98
step 740 E -4.87888e+08 P 2.40e-03 L -2.0984e+05 Epos 0.00089 rq [6.1, 31.1, 72.6, 2848.3] clamp 0.000 4.646s/step E_l -1.95486e+08 Epos_l 0.00097 vq [45.0, 87.6, 114.9] vmax 130.51
step 745 E -4.89495e+08 P 1.82e-03 L -2.0984e+05 Epos 0.00089 rq [6.1, 31.2, 72.9, 2867.2] clamp 0.000 4.646s/step E_l -1.95503e+08 Epos_l 0.00097 vq [45.0, 88.0, 115.1] vmax 132.05
step 750 E -4.87558e+08 P 2.06e-03 L -2.0984e+05 Epos 0.00089 rq [6.2, 31.2, 72.9, 2886.1] clamp 0.000 4.646s/step E_l -1.9546e+08 Epos_l 0.00097 vq [44.8, 87.5, 115.2] vmax 132.05
step 755 E -4.88448e+08 P 2.52e-03 L -2.0984e+05 Epos 0.00089 rq [6.1, 31.2, 73.1, 2904.9] clamp 0.000 4.647s/step E_l -1.95432e+08 Epos_l 0.00097 vq [45.0, 87.7, 115.4] vmax 130.78
step 760 E -4.87989e+08 P 2.11e-03 L -2.0984e+05 Epos 0.00089 rq [6.2, 31.4, 72.9, 2923.8] clamp 0.000 4.647s/step E_l -1.95368e+08 Epos_l 0.00097 vq [44.9, 87.7, 114.9] vmax 131.68
step 765 E -4.88297e+08 P 1.92e-03 L -2.0984e+05 Epos 0.00089 rq [6.1, 31.2, 73.5, 2942.7] clamp 0.000 4.647s/step E_l -1.95338e+08 Epos_l 0.00097 vq [45.1, 87.6, 114.9] vmax 130.91
step 770 E -4.87142e+08 P 2.12e-03 L -2.0984e+05 Epos 0.00090 rq [6.2, 31.2, 73.8, 2961.6] clamp 0.000 4.647s/step E_l -1.95316e+08 Epos_l 0.00097 vq [44.8, 87.4, 115.1] vmax 130.81
step 775 E -4.87779e+08 P 1.94e-03 L -2.0984e+05 Epos 0.00090 rq [6.1, 31.1, 73.4, 2980.4] clamp 0.000 4.647s/step E_l -1.95296e+08 Epos_l 0.00097 vq [44.9, 87.6, 115.3] vmax 131.89
step 780 E -4.87492e+08 P 2.29e-03 L -2.0984e+05 Epos 0.00090 rq [6.1, 31.1, 73.3, 2999.3] clamp 0.000 4.647s/step E_l -1.95262e+08 Epos_l 0.00097 vq [44.9, 87.4, 115.1] vmax 131.53
step 785 E -4.8752e+08 P 3.12e-03 L -2.0984e+05 Epos 0.00091 rq [6.1, 31.1, 73.4, 3018.1] clamp 0.000 4.647s/step E_l -1.9525e+08 Epos_l 0.00097 vq [45.1, 87.5, 114.8] vmax 131.96
step 790 E -4.8809e+08 P 3.10e-03 L -2.0984e+05 Epos 0.00091 rq [6.1, 31.3, 73.4, 3037.0] clamp 0.000 4.647s/step E_l -1.95247e+08 Epos_l 0.00097 vq [45.1, 87.7, 114.7] vmax 133.29
step 795 E -4.87427e+08 P 3.33e-03 L -2.0984e+05 Epos 0.00091 rq [6.2, 31.4, 73.7, 3055.8] clamp 0.000 4.647s/step E_l -1.95208e+08 Epos_l 0.00097 vq [44.9, 87.5, 115.0] vmax 131.46
step 800 E -4.87053e+08 P 4.62e-03 L -2.0984e+05 Epos 0.00091 rq [6.2, 31.4, 73.8, 3074.7] clamp 0.000 4.647s/step E_l -1.95186e+08 Epos_l 0.00097 vq [45.0, 87.3, 115.0] vmax 132.32
step 805 E -4.87597e+08 P 5.25e-03 L -2.0984e+05 Epos 0.00091 rq [6.2, 31.3, 74.1, 3093.6] clamp 0.000 4.647s/step E_l -1.95168e+08 Epos_l 0.00097 vq [45.1, 87.5, 115.1] vmax 132.27
step 810 E -4.87806e+08 P 5.75e-03 L -2.0984e+05 Epos 0.00091 rq [6.2, 31.2, 73.7, 3112.5] clamp 0.000 4.647s/step E_l -1.95149e+08 Epos_l 0.00097 vq [45.0, 87.5, 115.5] vmax 131.99
step 815 E -4.88113e+08 P 5.83e-03 L -2.0984e+05 Epos 0.00091 rq [6.1, 31.2, 73.4, 3131.4] clamp 0.000 4.647s/step E_l -1.95144e+08 Epos_l 0.00097 vq [45.1, 87.7, 115.1] vmax 131.69
step 820 E -4.86562e+08 P 5.99e-03 L -2.0984e+05 Epos 0.00091 rq [6.2, 31.2, 73.1, 3150.3] clamp 0.000 4.647s/step E_l -1.95091e+08 Epos_l 0.00097 vq [44.9, 87.4, 114.6] vmax 130.49
step 825 E -4.86383e+08 P 6.03e-03 L -2.0984e+05 Epos 0.00091 rq [6.2, 31.2, 73.4, 3169.1] clamp 0.000 4.647s/step E_l -1.95102e+08 Epos_l 0.00097 vq [45.0, 87.2, 114.9] vmax 132.04
step 830 E -4.87759e+08 P 6.32e-03 L -2.0984e+05 Epos 0.00091 rq [6.1, 31.3, 73.5, 3188.0] clamp 0.000 4.647s/step E_l -1.95091e+08 Epos_l 0.00097 vq [45.0, 87.7, 115.0] vmax 131.53
step 835 E -4.87723e+08 P 6.49e-03 L -2.0984e+05 Epos 0.00091 rq [6.2, 31.4, 73.6, 3206.8] clamp 0.000 4.647s/step E_l -1.95055e+08 Epos_l 0.00097 vq [45.1, 87.7, 115.1] vmax 130.77
step 840 E -4.86764e+08 P 6.51e-03 L -2.0984e+05 Epos 0.00091 rq [6.2, 31.3, 73.2, 3225.7] clamp 0.000 4.647s/step E_l -1.95011e+08 Epos_l 0.00097 vq [44.9, 87.2, 114.8] vmax 131.97
step 845 E -4.87234e+08 P 6.09e-03 L -2.0984e+05 Epos 0.00091 rq [6.2, 31.3, 73.0, 3244.5] clamp 0.000 4.647s/step E_l -1.95019e+08 Epos_l 0.00097 vq [44.8, 87.6, 115.5] vmax 132.62
step 850 E -4.87354e+08 P 5.90e-03 L -2.0984e+05 Epos 0.00091 rq [6.2, 31.4, 73.4, 3263.4] clamp 0.000 4.647s/step E_l -1.94991e+08 Epos_l 0.00097 vq [45.0, 87.6, 115.0] vmax 132.30
step 855 E -4.86904e+08 P 5.13e-03 L -2.0984e+05 Epos 0.00091 rq [6.2, 31.3, 73.9, 3282.2] clamp 0.000 4.647s/step E_l -1.94948e+08 Epos_l 0.00097 vq [44.9, 87.5, 114.9] vmax 131.16
step 860 E -4.87457e+08 P 5.57e-03 L -2.0984e+05 Epos 0.00091 rq [6.1, 31.3, 73.9, 3301.1] clamp 0.000 4.647s/step E_l -1.94949e+08 Epos_l 0.00097 vq [45.0, 87.7, 115.2] vmax 131.74
step 865 E -4.8602e+08 P 4.49e-03 L -2.0984e+05 Epos 0.00091 rq [6.2, 31.3, 73.9, 3320.0] clamp 0.000 4.647s/step E_l -1.9492e+08 Epos_l 0.00097 vq [44.8, 87.2, 114.3] vmax 132.03
step 870 E -4.87728e+08 P 3.97e-03 L -2.0984e+05 Epos 0.00091 rq [6.1, 31.3, 73.9, 3338.8] clamp 0.000 4.647s/step E_l -1.94911e+08 Epos_l 0.00097 vq [45.1, 87.7, 115.2] vmax 130.03
step 875 E -4.87253e+08 P 4.87e-03 L -2.0984e+05 Epos 0.00091 rq [6.2, 31.2, 74.2, 3357.7] clamp 0.000 4.647s/step E_l -1.94865e+08 Epos_l 0.00097 vq [44.9, 87.6, 115.3] vmax 132.24
step 880 E -4.87163e+08 P 5.14e-03 L -2.0984e+05 Epos 0.00091 rq [6.2, 31.3, 74.1, 3376.5] clamp 0.000 4.647s/step E_l -1.94841e+08 Epos_l 0.00097 vq [45.0, 87.7, 115.2] vmax 130.81
step 885 E -4.87379e+08 P 5.49e-03 L -2.0984e+05 Epos 0.00091 rq [6.1, 31.2, 73.9, 3395.4] clamp 0.000 4.647s/step E_l -1.94821e+08 Epos_l 0.00097 vq [45.0, 87.7, 115.2] vmax 130.89
step 890 E -4.86711e+08 P 5.71e-03 L -2.0984e+05 Epos 0.00091 rq [6.2, 31.3, 74.2, 3414.3] clamp 0.000 4.647s/step E_l -1.94819e+08 Epos_l 0.00097 vq [44.8, 87.5, 114.9] vmax 132.58
step 895 E -4.85919e+08 P 5.80e-03 L -2.0984e+05 Epos 0.00091 rq [6.2, 31.5, 73.8, 3433.2] clamp 0.000 4.647s/step E_l -1.94794e+08 Epos_l 0.00097 vq [44.7, 87.3, 114.7] vmax 131.08
step 900 E -4.85892e+08 P 5.75e-03 L -2.0984e+05 Epos 0.00091 rq [6.2, 31.6, 73.7, 3452.0] clamp 0.000 4.647s/step E_l -1.94795e+08 Epos_l 0.00097 vq [44.9, 87.2, 115.0] vmax 131.63
step 905 E -4.86871e+08 P 5.89e-03 L -2.0984e+05 Epos 0.00091 rq [6.1, 31.5, 73.9, 3470.9] clamp 0.000 4.647s/step E_l -1.9476e+08 Epos_l 0.00097 vq [44.9, 87.5, 114.9] vmax 131.57
step 910 E -4.85786e+08 P 5.75e-03 L -2.0984e+05 Epos 0.00091 rq [6.2, 31.5, 73.8, 3489.7] clamp 0.000 4.647s/step E_l -1.94728e+08 Epos_l 0.00097 vq [44.8, 87.3, 114.9] vmax 132.29
step 915 E -4.87156e+08 P 4.67e-03 L -2.0984e+05 Epos 0.00091 rq [6.1, 31.4, 74.0, 3508.6] clamp 0.000 4.647s/step E_l -1.94735e+08 Epos_l 0.00097 vq [44.9, 87.7, 115.1] vmax 132.44
step 920 E -4.85418e+08 P 3.81e-03 L -2.0984e+05 Epos 0.00091 rq [6.2, 31.3, 73.9, 3527.4] clamp 0.000 4.647s/step E_l -1.94667e+08 Epos_l 0.00097 vq [44.8, 87.3, 114.3] vmax 130.80
step 925 E -4.86934e+08 P 3.62e-03 L -2.0984e+05 Epos 0.00091 rq [6.2, 31.4, 74.2, 3546.3] clamp 0.000 4.647s/step E_l -1.94678e+08 Epos_l 0.00097 vq [45.0, 87.7, 115.1] vmax 131.77
step 930 E -4.86785e+08 P 3.92e-03 L -2.0984e+05 Epos 0.00091 rq [6.1, 31.4, 74.0, 3565.2] clamp 0.000 4.647s/step E_l -1.94648e+08 Epos_l 0.00097 vq [44.8, 87.6, 115.3] vmax 132.04
step 935 E -4.85882e+08 P 4.14e-03 L -2.0984e+05 Epos 0.00091 rq [6.2, 31.4, 74.1, 3584.0] clamp 0.000 4.647s/step E_l -1.94622e+08 Epos_l 0.00097 vq [44.9, 87.4, 115.2] vmax 132.56
step 940 E -4.85833e+08 P 4.52e-03 L -2.0984e+05 Epos 0.00091 rq [6.2, 31.4, 74.2, 3602.9] clamp 0.000 4.647s/step E_l -1.9461e+08 Epos_l 0.00097 vq [44.9, 87.5, 114.9] vmax 130.64
step 945 E -4.85795e+08 P 5.14e-03 L -2.0984e+05 Epos 0.00091 rq [6.2, 31.5, 74.3, 3621.8] clamp 0.000 4.646s/step E_l -1.94574e+08 Epos_l 0.00097 vq [44.8, 87.5, 114.7] vmax 133.65
step 950 E -4.87406e+08 P 5.77e-03 L -2.0984e+05 Epos 0.00091 rq [6.1, 31.6, 74.5, 3640.6] clamp 0.000 4.646s/step E_l -1.94594e+08 Epos_l 0.00097 vq [45.1, 87.9, 115.1] vmax 131.38
step 955 E -4.86151e+08 P 5.74e-03 L -2.0984e+05 Epos 0.00091 rq [6.1, 31.5, 74.4, 3659.5] clamp 0.000 4.647s/step E_l -1.94541e+08 Epos_l 0.00097 vq [44.8, 87.7, 114.9] vmax 131.50
step 960 E -4.84747e+08 P 5.94e-03 L -2.0984e+05 Epos 0.00091 rq [6.2, 31.5, 74.8, 3678.4] clamp 0.000 4.647s/step E_l -1.94506e+08 Epos_l 0.00097 vq [44.8, 87.2, 114.7] vmax 130.63
step 965 E -4.86561e+08 P 5.91e-03 L -2.0984e+05 Epos 0.00091 rq [6.1, 31.5, 75.0, 3697.2] clamp 0.000 4.647s/step E_l -1.9451e+08 Epos_l 0.00097 vq [44.9, 87.7, 114.8] vmax 131.67
step 970 E -4.86927e+08 P 6.91e-03 L -2.0984e+05 Epos 0.00091 rq [6.2, 31.5, 74.9, 3716.1] clamp 0.000 4.647s/step E_l -1.94483e+08 Epos_l 0.00097 vq [44.9, 87.8, 115.3] vmax 131.78
step 975 E -4.8623e+08 P 8.07e-03 L -2.0984e+05 Epos 0.00091 rq [6.2, 31.5, 74.9, 3734.9] clamp 0.000 4.647s/step E_l -1.94456e+08 Epos_l 0.00097 vq [45.0, 87.5, 114.8] vmax 131.31
step 980 E -4.85544e+08 P 8.82e-03 L -2.0984e+05 Epos 0.00091 rq [6.2, 31.5, 75.0, 3753.8] clamp 0.000 4.647s/step E_l -1.94402e+08 Epos_l 0.00097 vq [44.8, 87.6, 115.0] vmax 131.04
step 985 E -4.85868e+08 P 9.42e-03 L -2.0984e+05 Epos 0.00091 rq [6.2, 31.4, 75.2, 3772.6] clamp 0.000 4.647s/step E_l -1.94385e+08 Epos_l 0.00097 vq [44.9, 87.4, 115.3] vmax 131.16
step 990 E -4.86355e+08 P 1.06e-02 L -2.0984e+05 Epos 0.00091 rq [6.1, 31.6, 75.0, 3791.5] clamp 0.000 4.647s/step E_l -1.94373e+08 Epos_l 0.00097 vq [45.0, 87.6, 115.1] vmax 131.47
step 995 E -4.84815e+08 P 1.10e-02 L -2.0984e+05 Epos 0.00091 rq [6.2, 31.6, 75.1, 3810.3] clamp 0.000 4.647s/step E_l -1.94319e+08 Epos_l 0.00097 vq [44.7, 87.2, 115.0] vmax 130.58
step 1000 E -4.84769e+08 P 1.16e-02 L -2.0984e+05 Epos 0.00091 rq [6.2, 31.5, 75.3, 3829.2] clamp 0.000 4.646s/step E_l -1.94287e+08 Epos_l 0.00097 vq [44.8, 87.3, 114.3] vmax 131.35
