name, utilization.gpu [%], memory.used [MiB]
NVIDIA H200 NVL, 0 %, 0 MiB
selftest truth vs gs.rollout_torch c=None: max diff 0.00e+00
selftest truth vs gs.rollout_torch c=10.0: max diff 0.00e+00
ref                cluster_N100_s8_v0.3       err@.5/1/2/5 [0.0037, 0.0103, 0.031, 0.2614] floor@5 1.6e-03 ballistic@5 6.89 dE 0.0205 (true 0.000596) nonfinite None t>1 7.300000000000001
ref                cluster_N300_s8_v0.3       err@.5/1/2/5 [0.0081, 0.0215, 0.067, 1.1965] floor@5 9.7e-03 ballistic@5 14.1 dE 0.0226 (true 0.00163) nonfinite None t>1 4.75
ref                bh300_c10                  err@.5/1/2/5 [0.008, 0.0209, 0.0622, 0.9108] floor@5 7.1e-03 ballistic@5 12.5 dE 0.0433 (true 0.00186) nonfinite None t>1 5.2
mass_ratio_2body   binary_q1                  err@.5/1/2/5 [0.0005, 0.0033, 0.0106, 0.0398] floor@5 3.0e-05 ballistic@5 0.747 dE 0.015 (true 1.74e-11) nonfinite None t>1 99.0
mass_ratio_2body   binary_q3                  err@.5/1/2/5 [0.0015, 0.0075, 0.0362, 0.2493] floor@5 4.5e-05 ballistic@5 1.46 dE 0.0979 (true 1.04e-10) nonfinite None t>1 9.15
mass_ratio_2body   binary_q10                 err@.5/1/2/5 [0.0228, 0.0968, 0.3519, 2.2348] floor@5 1.0e-04 ballistic@5 3.73 dE 1.04 (true 8.68e-10) nonfinite None t>1 3.7
mass_ratio_2body   binary_q100                err@.5/1/2/5 [0.4151, 1.605, 7.011, 58.113] floor@5 4.1e-04 ballistic@5 12.6 dE 306 (true 7.31e-08) nonfinite None t>1 0.8500000000000001
mass_ratio_2body   binary_q1000               err@.5/1/2/5 [10.1676, 39.9574, 216.4632, 1723.675] floor@5 1.2e-03 ballistic@5 37.9 dE 1.12e+04 (true 7.1e-06) nonfinite None t>1 0.2
mass_ratio_2body   binary_q10000              err@.5/1/2/5 [130.4799, 505.3694, 2536.6303, 18471.4797] floor@5 3.9e-03 ballistic@5 124 dE 1.18e+05 (true 0.000632) nonfinite None t>1 0.1
mass_dominant      cluster_heavy1             err@.5/1/2/5 [0.0038, 0.0101, 0.0303, 0.2469] floor@5 1.7e-03 ballistic@5 6.78 dE 0.017 (true 0.000729) nonfinite None t>1 7.4
mass_dominant      cluster_heavy3             err@.5/1/2/5 [0.004, 0.0106, 0.0334, 0.3283] floor@5 1.9e-03 ballistic@5 7.12 dE 0.0171 (true 0.000679) nonfinite None t>1 7.3500000000000005
mass_dominant      cluster_heavy10            err@.5/1/2/5 [0.0062, 0.0154, 0.0625, 0.6323] floor@5 2.4e-03 ballistic@5 8.07 dE 0.0401 (true 0.00142) nonfinite None t>1 5.800000000000001
mass_dominant      cluster_heavy30            err@.5/1/2/5 [0.1176, 0.3809, 1.4725, 7.0531] floor@5 5.6e-03 ballistic@5 9.58 dE 1.77 (true 0.00316) nonfinite None t>1 1.7000000000000002
mass_dominant      cluster_heavy100           err@.5/1/2/5 [1.22, 4.0197, 10.5956, 32.987] floor@5 4.1e-01 ballistic@5 12.7 dE 20.1 (true 0.0328) nonfinite None t>1 0.55
mass_dominant      cluster_heavy300           err@.5/1/2/5 [7.1308, 15.9063, 42.5766, 1372.7838] floor@5 7.0e+00 ballistic@5 24.2 dE 1.13e+04 (true 0.929) nonfinite None t>1 0.2
mass_dominant      cluster_heavy1000          err@.5/1/2/5 [23.8241, 71.2632, 693.7833, 9144.4988] floor@5 4.1e+01 ballistic@5 101 dE 8.94e+04 (true 4.5) nonfinite None t>1 0.1
mass_dominant      cluster_heavy10000         err@.5/1/2/5 [277.8851, 2417.7145, 55020.7832, 307314.0881] floor@5 1.0e+02 ballistic@5 810 dE 2.62e+06 (true 17.9) nonfinite None t>1 0.1
mass_spectrum      logunif_0.5_2              err@.5/1/2/5 [0.005, 0.0139, 0.0432, 0.3606] floor@5 2.4e-03 ballistic@5 7.55 dE 0.042 (true 0.000806) nonfinite None t>1 6.5
mass_spectrum      logunif_0.1_10             err@.5/1/2/5 [0.0151, 0.0498, 0.2066, 2.6724] floor@5 4.4e-02 ballistic@5 11.8 dE 0.525 (true 0.00339) nonfinite None t>1 3.6
mass_spectrum      logunif_0.01_100           err@.5/1/2/5 [1.0602, 3.6674, 20.5901, 389.4788] floor@5 8.6e+00 ballistic@5 23.4 dE 591 (true 0.163) nonfinite None t>1 0.5
mass_spectrum      logunif_0.001_1000         err@.5/1/2/5 [569.064, 1689.796, 3986.8957, 10882.6884] floor@5 7.6e+01 ballistic@5 109 dE 5.02e+04 (true 1.76) nonfinite None t>1 0.15000000000000002
mass_scale_equal   equal_m0.01                err@.5/1/2/5 [0.0001, 0.0004, 0.0017, 0.0111] floor@5 1.5e-04 ballistic@5 0.0976 dE 0.00259 (true 2.23e-07) nonfinite None t>1 99.0
mass_scale_equal   equal_m0.1                 err@.5/1/2/5 [0.0007, 0.0026, 0.0095, 0.0445] floor@5 2.3e-04 ballistic@5 0.873 dE 0.0083 (true 1.04e-05) nonfinite None t>1 99.0
mass_scale_equal   equal_m0.3                 err@.5/1/2/5 [0.0017, 0.0054, 0.016, 0.0743] floor@5 4.0e-04 ballistic@5 2.32 dE 0.0124 (true 0.000143) nonfinite None t>1 99.0
mass_scale_equal   equal_m1.0                 err@.5/1/2/5 [0.0037, 0.0103, 0.031, 0.2614] floor@5 1.6e-03 ballistic@5 6.89 dE 0.0201 (true 0.000596) nonfinite None t>1 7.300000000000001
mass_scale_equal   equal_m3.0                 err@.5/1/2/5 [0.011, 0.0317, 0.119, 2.1973] floor@5 3.8e-02 ballistic@5 13.8 dE 0.231 (true 0.00195) nonfinite None t>1 4.0
mass_scale_equal   equal_m10.0                err@.5/1/2/5 [0.0725, 0.3112, 1.9151, 10.2448] floor@5 2.0e+00 ballistic@5 21 dE 1.14 (true 0.0197) nonfinite None t>1 1.6
mass_scale_equal   equal_m30.0                err@.5/1/2/5 [0.7863, 4.1135, 11.3008, 35.9478] floor@5 6.9e+00 ballistic@5 29.3 dE 3.63 (true 0.163) nonfinite None t>1 0.6000000000000001
mass_scale_equal   equal_m100.0               err@.5/1/2/5 [15.8021, 185.5594, 736.7474, 2415.4519] floor@5 2.4e+01 ballistic@5 51.8 dE 430 (true 0.67) nonfinite None t>1 0.2
velocity_scale     vfac0.0                    err@.5/1/2/5 [0.0041, 0.0102, 0.0304, 0.2662] floor@5 1.6e-03 ballistic@5 6.67 dE 0.0344 (true 0.00106) nonfinite None t>1 7.0
velocity_scale     vfac0.1                    err@.5/1/2/5 [0.0041, 0.0102, 0.0307, 0.2752] floor@5 1.9e-03 ballistic@5 6.64 dE 0.0328 (true 0.00121) nonfinite None t>1 7.1
velocity_scale     vfac0.3                    err@.5/1/2/5 [0.0037, 0.0103, 0.031, 0.2613] floor@5 1.6e-03 ballistic@5 6.89 dE 0.0207 (true 0.000596) nonfinite None t>1 7.300000000000001
velocity_scale     vfac0.6                    err@.5/1/2/5 [0.0035, 0.0093, 0.0266, 0.2042] floor@5 1.6e-03 ballistic@5 6.91 dE 0.00817 (true 0.000294) nonfinite None t>1 7.800000000000001
velocity_scale     vfac1.0                    err@.5/1/2/5 [0.0035, 0.0088, 0.0257, 0.1678] floor@5 1.0e-03 ballistic@5 6.05 dE 0.00447 (true 4.7e-05) nonfinite None t>1 8.9
velocity_scale     vfac1.5                    err@.5/1/2/5 [0.0046, 0.0114, 0.0311, 0.167] floor@5 7.6e-04 ballistic@5 5.17 dE 0.00596 (true 5.48e-05) nonfinite None t>1 99.0
velocity_scale     vfac2.5                    err@.5/1/2/5 [0.0074, 0.0196, 0.056, 0.273] floor@5 5.2e-04 ballistic@5 3.97 dE 0.0291 (true 4.4e-05) nonfinite None t>1 8.95
velocity_scale     vfac4.0                    err@.5/1/2/5 [0.0141, 0.0431, 0.1397, 0.603] floor@5 3.8e-04 ballistic@5 2.92 dE 0.0395 (true 6.14e-05) nonfinite None t>1 6.65
velocity_scale     vfac8.0                    err@.5/1/2/5 [0.0409, 0.16, 0.5441, 2.0992] floor@5 2.6e-04 ballistic@5 1.78 dE 0.0506 (true 0.000157) nonfinite None t>1 3.0
relativistic_c     bh300_c1.5                 err@.5/1/2/5 [0.0039, 0.0098, 0.0223, 0.0862] floor@5 5.7e-04 ballistic@5 5.08 dE 2.16 (true 2.16) nonfinite None t>1 99.0
relativistic_c     bh300_c3.0                 err@.5/1/2/5 [0.0066, 0.0166, 0.0412, 0.2058] floor@5 1.4e-03 ballistic@5 9.01 dE 2.07 (true 2.05) nonfinite None t>1 7.950000000000001
relativistic_c     bh300_c5.0                 err@.5/1/2/5 [0.0075, 0.0194, 0.0537, 0.5633] floor@5 3.3e-03 ballistic@5 10.6 dE 0.19 (true 0.176) nonfinite None t>1 5.800000000000001
relativistic_c     bh300_c10.0                err@.5/1/2/5 [0.008, 0.0209, 0.0622, 0.9119] floor@5 7.1e-03 ballistic@5 12.5 dE 0.0529 (true 0.00186) nonfinite None t>1 5.2
relativistic_c     bh300_c30.0                err@.5/1/2/5 [0.0081, 0.0214, 0.0668, 1.1677] floor@5 9.5e-03 ballistic@5 13.9 dE 0.0317 (true 0.00177) nonfinite None t>1 4.800000000000001
relativistic_c     bh300_c100.0               err@.5/1/2/5 [0.0081, 0.0215, 0.0673, 1.184] floor@5 9.8e-03 ballistic@5 14.1 dE 0.0206 (true 0.00176) nonfinite None t>1 4.800000000000001
relativistic_c     bh300_c1000.0              err@.5/1/2/5 [0.0081, 0.0215, 0.0674, 1.1925] floor@5 9.7e-03 ballistic@5 14.1 dE 0.0251 (true 0.00163) nonfinite None t>1 4.75
relativistic_c     bh300_c10_vfac0.0          err@.5/1/2/5 [0.0091, 0.02, 0.0605, 1.1525] floor@5 1.1e-02 ballistic@5 11.7 dE 0.0995 (true 0.0019) nonfinite None t>1 4.9
relativistic_c     bh300_c10_vfac1.0          err@.5/1/2/5 [0.0066, 0.0168, 0.0486, 0.3836] floor@5 1.9e-03 ballistic@5 13.4 dE 0.0205 (true 0.00436) nonfinite None t>1 6.9
relativistic_c     bh300_c10_vfac3.0          err@.5/1/2/5 [0.0042, 0.0112, 0.0306, 0.1508] floor@5 3.5e-04 ballistic@5 18.6 dE 0.0273 (true 0.0274) nonfinite None t>1 99.0
density_sigma      sigma1.0                   err@.5/1/2/5 [0.1564, 0.4185, 1.148, 2.0272] floor@5 6.8e-03 ballistic@5 9.88 dE 0.0908 (true 0.00673) nonfinite None t>1 2.0
density_sigma      sigma2.0                   err@.5/1/2/5 [0.0214, 0.0932, 0.398, 1.9581] floor@5 5.4e-03 ballistic@5 8.55 dE 0.0534 (true 0.00433) nonfinite None t>1 3.1000000000000005
density_sigma      sigma3.0                   err@.5/1/2/5 [0.012, 0.0306, 0.1626, 1.6495] floor@5 4.6e-03 ballistic@5 9.63 dE 0.0235 (true 0.00241) nonfinite None t>1 4.0
density_sigma      sigma5.0                   err@.5/1/2/5 [0.0071, 0.0182, 0.0505, 0.7209] floor@5 4.0e-03 ballistic@5 9.79 dE 0.0267 (true 0.00176) nonfinite None t>1 5.7
density_sigma      sigma8.0                   err@.5/1/2/5 [0.0037, 0.0103, 0.031, 0.2615] floor@5 1.6e-03 ballistic@5 6.89 dE 0.02 (true 0.000596) nonfinite None t>1 7.300000000000001
density_sigma      sigma10.0                  err@.5/1/2/5 [0.0032, 0.0085, 0.0251, 0.1783] floor@5 1.4e-03 ballistic@5 4.64 dE 0.0192 (true 0.000526) nonfinite None t>1 8.4
density_sigma      sigma16.0                  err@.5/1/2/5 [0.003, 0.0099, 0.0312, 0.2095] floor@5 7.2e-04 ballistic@5 2.41 dE 0.00471 (true 7.75e-05) nonfinite None t>1 54.35
density_sigma      sigma32.0                  err@.5/1/2/5 [0.0089, 0.0255, 0.0879, 0.4533] floor@5 1.3e-03 ballistic@5 2.09 dE 0.0204 (true 0.000206) nonfinite None t>1 7.5
density_plummer    plummer_a0.25              err@.5/1/2/5 [0.5408, 1.3002, 3.3323, 9.4338] floor@5 1.2e-02 ballistic@5 42.7 dE 0.106 (true 0.009) nonfinite None t>1 0.8500000000000001
density_plummer    plummer_a0.5               err@.5/1/2/5 [0.127, 0.2492, 0.6019, 2.2414] floor@5 3.6e-03 ballistic@5 34.3 dE 0.0149 (true 0.00173) nonfinite None t>1 2.9000000000000004
density_plummer    plummer_a1.0               err@.5/1/2/5 [0.0439, 0.0939, 0.2586, 1.6228] floor@5 3.0e-03 ballistic@5 24.7 dE 0.00801 (true 0.00028) nonfinite None t>1 4.0
density_plummer    plummer_a2.0               err@.5/1/2/5 [0.0158, 0.0403, 0.1123, 1.0302] floor@5 2.2e-03 ballistic@5 18.1 dE 0.00877 (true 0.000145) nonfinite None t>1 5.0
density_plummer    plummer_a4.0               err@.5/1/2/5 [0.0062, 0.0157, 0.0474, 0.4042] floor@5 2.3e-03 ballistic@5 12.4 dE 0.00454 (true 0.000104) nonfinite None t>1 6.75
density_plummer    plummer_a8.0               err@.5/1/2/5 [0.0042, 0.0109, 0.0272, 0.1676] floor@5 1.0e-03 ballistic@5 5.15 dE 0.00818 (true 6.68e-05) nonfinite None t>1 9.15
close_pass_impact  pass_b0.0                  err@.5/1/2/5 [0.0005, 0.0025, 0.0123, 0.0645] floor@5 1.2e-04 ballistic@5 0.0309 dE 0.0345 (true 1.22e-07) nonfinite None t>1 99.0
close_pass_impact  pass_b0.25                 err@.5/1/2/5 [0.0008, 0.0024, 0.0099, 0.0491] floor@5 1.2e-04 ballistic@5 0.0308 dE 0.0309 (true 1.23e-07) nonfinite None t>1 99.0
close_pass_impact  pass_b0.5                  err@.5/1/2/5 [0.0007, 0.0018, 0.0076, 0.047] floor@5 1.2e-04 ballistic@5 0.0308 dE 0.0312 (true 1.24e-07) nonfinite None t>1 99.0
close_pass_impact  pass_b1.0                  err@.5/1/2/5 [0.0006, 0.0023, 0.0103, 0.0569] floor@5 1.2e-04 ballistic@5 0.0307 dE 0.0397 (true 1.23e-07) nonfinite None t>1 99.0
close_pass_impact  pass_b2.0                  err@.5/1/2/5 [0.0007, 0.0019, 0.0066, 0.0413] floor@5 1.2e-04 ballistic@5 0.0304 dE 0.0271 (true 1.16e-07) nonfinite None t>1 99.0
close_pass_impact  pass_b4.0                  err@.5/1/2/5 [0.0007, 0.002, 0.0082, 0.0526] floor@5 1.2e-04 ballistic@5 0.0294 dE 0.0276 (true 8.73e-08) nonfinite None t>1 99.0
close_pass_impact  pass_b8.0                  err@.5/1/2/5 [0.0007, 0.0023, 0.0109, 0.0597] floor@5 1.3e-04 ballistic@5 0.0261 dE 0.0407 (true 2.8e-08) nonfinite None t>1 99.0
close_pass_impact  headon_fall_d1.0           err@.5/1/2/5 [0.0036, 0.0123, 0.0065, 0.0372] floor@5 6.3e-05 ballistic@5 0.229 dE 0.0658 (true 0.00209) nonfinite None t>1 99.0
close_pass_impact  headon_fall_d4.0           err@.5/1/2/5 [0.0004, 0.0029, 0.0168, 0.0977] floor@5 3.7e-05 ballistic@5 0.899 dE 0.254 (true 0.0118) nonfinite None t>1 99.0
close_pass_impact  headon_fall_d12.0          err@.5/1/2/5 [0.0006, 0.0033, 0.0163, 0.1038] floor@5 7.1e-05 ballistic@5 0.087 dE 0.0333 (true 2.62e-08) nonfinite None t>1 99.0
binary_tight       binary_d0.125              err@.5/1/2/5 [0.0177, 0.0254, 0.0505, 0.1147] floor@5 1.4e-05 ballistic@5 1.18 dE 0.00274 (true 1.56e-07) nonfinite None t>1 99.0
binary_tight       binary_d0.25               err@.5/1/2/5 [0.0215, 0.0373, 0.0746, 0.1741] floor@5 2.6e-05 ballistic@5 2.24 dE 0.00673 (true 3.43e-07) nonfinite None t>1 99.0
binary_tight       binary_d0.5                err@.5/1/2/5 [0.0082, 0.0326, 0.0451, 0.1073] floor@5 5.8e-05 ballistic@5 3.13 dE 0.0441 (true 2.5e-07) nonfinite None t>1 99.0
binary_tight       binary_d1.0                err@.5/1/2/5 [0.0035, 0.0145, 0.0448, 0.0415] floor@5 7.0e-05 ballistic@5 3.14 dE 0.026 (true 3.57e-08) nonfinite None t>1 99.0
binary_tight       binary_d2.0                err@.5/1/2/5 [0.0012, 0.0047, 0.0164, 0.0559] floor@5 4.4e-05 ballistic@5 2.43 dE 0.0132 (true 1.38e-09) nonfinite None t>1 99.0
binary_tight       binary_d4.0                err@.5/1/2/5 [0.0005, 0.0033, 0.0106, 0.0398] floor@5 3.0e-05 ballistic@5 0.747 dE 0.015 (true 1.74e-11) nonfinite None t>1 99.0
binary_tight       binary_d10.0               err@.5/1/2/5 [0.0005, 0.0017, 0.0101, 0.0602] floor@5 5.9e-05 ballistic@5 0.124 dE 0.0356 (true 6.26e-15) nonfinite None t>1 99.0
hier_triple        triple_ain0.2              err@.5/1/2/5 [0.0133, 0.021, 0.0457, 0.178] floor@5 6.8e-05 ballistic@5 1.38 dE 0.0191 (true 1.08e-06) nonfinite None t>1 99.0
hier_triple        triple_ain0.5              err@.5/1/2/5 [0.0061, 0.0216, 0.0164, 0.0737] floor@5 1.6e-04 ballistic@5 2.22 dE 0.0273 (true 1.26e-06) nonfinite None t>1 99.0
hier_triple        triple_ain1.0              err@.5/1/2/5 [0.0024, 0.0084, 0.0325, 0.0803] floor@5 2.0e-04 ballistic@5 2.23 dE 0.0229 (true 9.2e-07) nonfinite None t>1 99.0
hier_triple        triple_ain2.0              err@.5/1/2/5 [0.0011, 0.0038, 0.013, 0.0642] floor@5 1.3e-04 ballistic@5 1.74 dE 0.00831 (true 9.44e-07) nonfinite None t>1 99.0
hier_triple        triple_ain0.5_m3x10        err@.5/1/2/5 [0.0086, 0.0327, 0.232, 1.9668] floor@5 2.5e-04 ballistic@5 2.48 dE 1.07 (true 0.00725) nonfinite None t>1 3.55
softening_eps      cluster_eps0.05            err@.5/1/2/5 [0.1323, 0.4431, 1.4196, 6.7004] floor@5 6.2e+00 ballistic@5 9.27 dE 0.372 (true 1.8) nonfinite None t>1 1.7000000000000002
softening_eps      cluster_eps0.1             err@.5/1/2/5 [0.0663, 0.1619, 0.4534, 2.1201] floor@5 1.7e+00 ballistic@5 7.05 dE 0.327 (true 0.327) nonfinite None t>1 3.3000000000000003
softening_eps      cluster_eps0.25            err@.5/1/2/5 [0.0455, 0.1078, 0.286, 1.2819] floor@5 5.7e-02 ballistic@5 6.96 dE 0.191 (true 0.00464) nonfinite None t>1 4.35
softening_eps      cluster_eps0.5             err@.5/1/2/5 [0.0037, 0.0103, 0.031, 0.2614] floor@5 1.6e-03 ballistic@5 6.89 dE 0.0209 (true 0.000596) nonfinite None t>1 7.300000000000001
softening_eps      cluster_eps1.0             err@.5/1/2/5 [0.0381, 0.141, 0.3935, 1.2433] floor@5 4.3e-04 ballistic@5 6.64 dE 0.306 (true 0.00028) nonfinite None t>1 4.2
softening_eps      cluster_eps2.0             err@.5/1/2/5 [0.0613, 0.2319, 0.7338, 2.2361] floor@5 1.9e-04 ballistic@5 5.6 dE 0.763 (true 9.29e-05) nonfinite None t>1 2.5
softening_eps      binary_d1_eps0.1           err@.5/1/2/5 [0.0337, 0.1317, 0.5094, 1.1395] floor@5 1.5e-04 ballistic@5 3.18 dE 0.0552 (true 1.22e-07) nonfinite None t>1 3.25
softening_eps      binary_d1_eps0.25          err@.5/1/2/5 [0.0246, 0.0941, 0.3726, 0.8575] floor@5 1.2e-04 ballistic@5 3.15 dE 0.0381 (true 8.84e-08) nonfinite None t>1 6.65
softening_eps      binary_d1_eps0.5           err@.5/1/2/5 [0.0035, 0.0145, 0.0448, 0.0415] floor@5 7.0e-05 ballistic@5 3.14 dE 0.026 (true 3.57e-08) nonfinite None t>1 99.0
softening_eps      binary_d1_eps1.0           err@.5/1/2/5 [0.0482, 0.2258, 0.7871, 0.8199] floor@5 2.4e-05 ballistic@5 2.65 dE 0.487 (true 3.91e-09) nonfinite None t>1 99.0
dt                 cluster_dt0.0125           err@.5/1/2/5 [0.0037, 0.0113, 0.0356, 0.3152] floor@5 1.6e-03 ballistic@5 6.89 dE 0.164 (true 0.000176) nonfinite None t>1 6.9750000000000005
dt                 cluster_dt0.025            err@.5/1/2/5 [0.0036, 0.0109, 0.0342, 0.3018] floor@5 1.6e-03 ballistic@5 6.89 dE 0.15 (true 0.000702) nonfinite None t>1 7.075000000000001
dt                 cluster_dt0.05             err@.5/1/2/5 [0.0035, 0.0103, 0.032, 0.2782] floor@5 1.6e-03 ballistic@5 6.89 dE 0.112 (true 0.000612) nonfinite None t>1 7.2
dt                 cluster_dt0.1              err@.5/1/2/5 [0.0037, 0.0103, 0.031, 0.2614] floor@5 1.6e-03 ballistic@5 6.89 dE 0.0199 (true 0.000596) nonfinite None t>1 7.300000000000001
dt                 cluster_dt0.2              err@.5/1/2/5 [0.0042, 0.0125, 0.0386, 0.4257] floor@5 1.6e-03 ballistic@5 6.89 dE 0.28 (true 0.000505) nonfinite None t>1 6.5
dt                 cluster_dt0.4              err@.5/1/2/5 [0.0158, 0.0223, 0.12, 1.319] floor@5 1.4e-03 ballistic@5 6.36 dE 0.596 (true 0.000492) nonfinite None t>1 4.6000000000000005
dt                 bh300_c10_dt0.05           err@.5/1/2/5 [0.0075, 0.0207, 0.0649, 1.0099] floor@5 7.1e-03 ballistic@5 12.5 dE 0.163 (true 0.00191) nonfinite None t>1 5.025
dt                 bh300_c10_dt0.1            err@.5/1/2/5 [0.008, 0.0209, 0.0622, 0.912] floor@5 7.1e-03 ballistic@5 12.5 dE 0.0436 (true 0.00186) nonfinite None t>1 5.2
dt                 bh300_c10_dt0.2            err@.5/1/2/5 [0.0096, 0.029, 0.11, 1.9427] floor@5 7.1e-03 ballistic@5 12.5 dE 0.388 (true 0.00155) nonfinite None t>1 4.2
dt                 binary_d1_dt0.05           err@.5/1/2/5 [0.004, 0.0161, 0.0475, 0.0535] floor@5 7.0e-05 ballistic@5 3.14 dE 0.0192 (true 3.57e-08) nonfinite None t>1 99.0
dt                 binary_d1_dt0.1            err@.5/1/2/5 [0.0035, 0.0145, 0.0448, 0.0415] floor@5 7.0e-05 ballistic@5 3.14 dE 0.026 (true 3.57e-08) nonfinite None t>1 99.0
dt                 binary_d1_dt0.2            err@.5/1/2/5 [0.0038, 0.0098, 0.0344, 0.0276] floor@5 7.0e-05 ballistic@5 3.14 dE 0.0424 (true 3.57e-08) nonfinite None t>1 99.0
dt                 binary_d1_dt0.4            err@.5/1/2/5 [0.0159, 0.0179, 0.0335, 0.1692] floor@5 6.7e-05 ballistic@5 3.13 dE 0.0947 (true 3.56e-08) nonfinite None t>1 99.0
ic_shape           uniform_L10                err@.5/1/2/5 [0.0064, 0.0164, 0.0465, 0.4653] floor@5 2.8e-03 ballistic@5 10.2 dE 0.0239 (true 0.00133) nonfinite None t>1 6.0
ic_shape           uniform_L25                err@.5/1/2/5 [0.0021, 0.0061, 0.0191, 0.1079] floor@5 8.3e-04 ballistic@5 2.87 dE 0.00415 (true 8.52e-05) nonfinite None t>1 99.0
ic_shape           shell_R8_rest              err@.5/1/2/5 [0.0152, 0.0341, 0.1102, 1.0635] floor@5 1.1e-02 ballistic@5 9.71 dE 0.0461 (true 0.00356) nonfinite None t>1 4.8500000000000005
ic_shape           shell_R16_rest             err@.5/1/2/5 [0.0098, 0.0214, 0.0609, 0.5272] floor@5 7.6e-03 ballistic@5 4.45 dE 0.0127 (true 0.000414) nonfinite None t>1 6.4
ic_shape           shell_R12_rot              err@.5/1/2/5 [0.0104, 0.0225, 0.0672, 0.6515] floor@5 6.4e-03 ballistic@5 5.89 dE 0.0181 (true 0.000659) nonfinite None t>1 5.800000000000001
ic_shape           disk_R12                   err@.5/1/2/5 [0.0057, 0.012, 0.0362, 0.4258] floor@5 2.8e-03 ballistic@5 8.39 dE 0.0112 (true 0.000161) nonfinite None t>1 6.550000000000001
ic_shape           disk_R24                   err@.5/1/2/5 [0.0024, 0.0056, 0.0163, 0.1337] floor@5 1.6e-03 ballistic@5 3.2 dE 0.00801 (true 0.000102) nonfinite None t>1 54.4
ic_shape           two_cluster_v1             err@.5/1/2/5 [0.0056, 0.0143, 0.0456, 0.5403] floor@5 3.9e-03 ballistic@5 7.45 dE 0.0193 (true 0.000677) nonfinite None t>1 5.9
ic_shape           two_cluster_v4             err@.5/1/2/5 [0.0055, 0.0135, 0.0432, 0.543] floor@5 4.3e-03 ballistic@5 7.77 dE 0.02 (true 0.000706) nonfinite None t>1 5.95
ic_shape           two_cluster_v0             err@.5/1/2/5 [0.0058, 0.0152, 0.0459, 0.5391] floor@5 3.9e-03 ballistic@5 7.41 dE 0.0149 (true 0.000563) nonfinite None t>1 6.0
ic_shape           filament                   err@.5/1/2/5 [0.0236, 0.0591, 0.2656, 2.1044] floor@5 5.7e-02 ballistic@5 8.02 dE 0.0613 (true 0.00244) nonfinite None t>1 3.45
boundary_offset    cluster_shift0.0           err@.5/1/2/5 [0.0037, 0.0103, 0.031, 0.2614] floor@5 1.6e-03 ballistic@5 6.89 dE 0.0209 (true 0.000596) nonfinite None t>1 7.300000000000001
boundary_offset    cluster_shift8.0           err@.5/1/2/5 [0.0037, 0.0104, 0.0313, 0.2659] floor@5 2.1e-03 ballistic@5 6.89 dE 0.0227 (true 0.000596) nonfinite None t>1 7.25
boundary_offset    cluster_shift16.0          err@.5/1/2/5 [0.0062, 0.0203, 0.0689, 0.4772] floor@5 3.0e-03 ballistic@5 6.89 dE 0.0192 (true 0.000596) nonfinite None t>1 6.4
boundary_offset    cluster_shift24.0          err@.5/1/2/5 [0.0329, 0.1181, 0.427, 2.4867] floor@5 4.1e-03 ballistic@5 6.89 dE 0.0591 (true 0.000596) nonfinite None t>1 3.25
boundary_offset    cluster_shift32.0          err@.5/1/2/5 [0.0944, 0.3545, 1.2804, 6.5501] floor@5 5.2e-03 ballistic@5 6.89 dE 0.228 (true 0.000596) nonfinite None t>1 1.8
boundary_offset    cluster_shift40.0          err@.5/1/2/5 [0.1047, 0.3958, 1.4525, 7.4227] floor@5 6.4e-03 ballistic@5 6.89 dE 0.249 (true 0.000596) nonfinite None t>1 1.6500000000000001
boundary_offset    cluster_vfac1.5_shift0.0   err@.5/1/2/5 [0.0046, 0.0114, 0.0311, 0.167] floor@5 7.6e-04 ballistic@5 5.17 dE 0.00596 (true 5.48e-05) nonfinite None t>1 99.0
boundary_offset    cluster_vfac1.5_shift20.0  err@.5/1/2/5 [0.0172, 0.0577, 0.2091, 1.0889] floor@5 1.5e-03 ballistic@5 5.17 dE 0.0281 (true 5.48e-05) nonfinite None t>1 4.95
boundary_offset    cluster_vfac4.0_shift0.0   err@.5/1/2/5 [0.0141, 0.0431, 0.1397, 0.603] floor@5 3.8e-04 ballistic@5 2.92 dE 0.0395 (true 6.14e-05) nonfinite None t>1 6.65
boundary_offset    cluster_vfac4.0_shift20.0  err@.5/1/2/5 [0.0229, 0.0724, 0.2427, 1.1461] floor@5 7.6e-04 ballistic@5 2.92 dE 0.0259 (true 6.14e-05) nonfinite None t>1 4.65
precision          cluster_fp32               err@.5/1/2/5 [0.0037, 0.0103, 0.031, 0.2614] floor@5 1.6e-03 ballistic@5 6.89 dE 0.0203 (true 0.000596) nonfinite None t>1 7.300000000000001
precision          bh300_c10_fp32             err@.5/1/2/5 [0.008, 0.0209, 0.0622, 0.9129] floor@5 7.1e-03 ballistic@5 12.5 dE 0.0444 (true 0.00186) nonfinite None t>1 5.2
precision          cluster_fp64               err@.5/1/2/5 [0.0037, 0.0103, 0.031, 0.2618] floor@5 1.6e-03 ballistic@5 6.89 dE 0.0195 (true 0.000596) nonfinite None t>1 7.300000000000001
precision          bh300_c10_fp64             err@.5/1/2/5 [0.008, 0.0209, 0.0622, 0.9135] floor@5 7.1e-03 ballistic@5 12.5 dE 0.0433 (true 0.00186) nonfinite None t>1 5.2
precision          cluster_tf32               err@.5/1/2/5 [0.0037, 0.0103, 0.031, 0.2615] floor@5 1.6e-03 ballistic@5 6.89 dE 0.0197 (true 0.000596) nonfinite None t>1 7.300000000000001
precision          bh300_c10_tf32             err@.5/1/2/5 [0.008, 0.0209, 0.0622, 0.9122] floor@5 7.1e-03 ballistic@5 12.5 dE 0.0433 (true 0.00186) nonfinite None t>1 5.2
precision          cluster_half16             err@.5/1/2/5 [0.0037, 0.0103, 0.031, 0.2612] floor@5 1.6e-03 ballistic@5 6.89 dE 0.021 (true 0.000596) nonfinite None t>1 7.25
precision          bh300_c10_half16           err@.5/1/2/5 [0.008, 0.0209, 0.0621, 0.9129] floor@5 7.1e-03 ballistic@5 12.5 dE 0.0512 (true 0.00186) nonfinite None t>1 5.2
precision          cluster_bf16               err@.5/1/2/5 [0.004, 0.0111, 0.0331, 0.2663] floor@5 1.6e-03 ballistic@5 6.89 dE 0.0224 (true 0.000596) nonfinite None t>1 7.3500000000000005
precision          bh300_c10_bf16             err@.5/1/2/5 [0.0081, 0.0214, 0.0631, 0.9221] floor@5 7.1e-03 ballistic@5 12.5 dE 0.0528 (true 0.00186) nonfinite None t>1 5.2
wrote results/scatter_ood.json
